Archive member included to satisfy reference by file (symbol)

C:/ST/STM32CubeIDE_1.14.0/STM32CubeIDE/plugins/com.st.stm32cube.ide.mcu.externaltools.gnu-tools-for-stm32.11.3.rel1.win32_1.1.100.202309141235/tools/bin/../lib/gcc/arm-none-eabi/11.3.1/../../../../arm-none-eabi/lib/thumb/v7e-m+fp/hard\libc_nano.a(libc_a-exit.o)
                              C:/ST/STM32CubeIDE_1.14.0/STM32CubeIDE/plugins/com.st.stm32cube.ide.mcu.externaltools.gnu-tools-for-stm32.11.3.rel1.win32_1.1.100.202309141235/tools/bin/../lib/gcc/arm-none-eabi/11.3.1/../../../../arm-none-eabi/lib/thumb/v7e-m+fp/hard/crt0.o (exit)
C:/ST/STM32CubeIDE_1.14.0/STM32CubeIDE/plugins/com.st.stm32cube.ide.mcu.externaltools.gnu-tools-for-stm32.11.3.rel1.win32_1.1.100.202309141235/tools/bin/../lib/gcc/arm-none-eabi/11.3.1/../../../../arm-none-eabi/lib/thumb/v7e-m+fp/hard\libc_nano.a(libc_a-fclose.o)
                              ./hagl/src/hagl.o (fclose)
C:/ST/STM32CubeIDE_1.14.0/STM32CubeIDE/plugins/com.st.stm32cube.ide.mcu.externaltools.gnu-tools-for-stm32.11.3.rel1.win32_1.1.100.202309141235/tools/bin/../lib/gcc/arm-none-eabi/11.3.1/../../../../arm-none-eabi/lib/thumb/v7e-m+fp/hard\libc_nano.a(libc_a-fflush.o)
                              C:/ST/STM32CubeIDE_1.14.0/STM32CubeIDE/plugins/com.st.stm32cube.ide.mcu.externaltools.gnu-tools-for-stm32.11.3.rel1.win32_1.1.100.202309141235/tools/bin/../lib/gcc/arm-none-eabi/11.3.1/../../../../arm-none-eabi/lib/thumb/v7e-m+fp/hard\libc_nano.a(libc_a-fclose.o) (__sflush_r)
C:/ST/STM32CubeIDE_1.14.0/STM32CubeIDE/plugins/com.st.stm32cube.ide.mcu.externaltools.gnu-tools-for-stm32.11.3.rel1.win32_1.1.100.202309141235/tools/bin/../lib/gcc/arm-none-eabi/11.3.1/../../../../arm-none-eabi/lib/thumb/v7e-m+fp/hard\libc_nano.a(libc_a-findfp.o)
                              C:/ST/STM32CubeIDE_1.14.0/STM32CubeIDE/plugins/com.st.stm32cube.ide.mcu.externaltools.gnu-tools-for-stm32.11.3.rel1.win32_1.1.100.202309141235/tools/bin/../lib/gcc/arm-none-eabi/11.3.1/../../../../arm-none-eabi/lib/thumb/v7e-m+fp/hard\libc_nano.a(libc_a-fclose.o) (__sfp_lock_acquire)
C:/ST/STM32CubeIDE_1.14.0/STM32CubeIDE/plugins/com.st.stm32cube.ide.mcu.externaltools.gnu-tools-for-stm32.11.3.rel1.win32_1.1.100.202309141235/tools/bin/../lib/gcc/arm-none-eabi/11.3.1/../../../../arm-none-eabi/lib/thumb/v7e-m+fp/hard\libc_nano.a(libc_a-fopen.o)
                              ./hagl/src/hagl.o (fopen)
C:/ST/STM32CubeIDE_1.14.0/STM32CubeIDE/plugins/com.st.stm32cube.ide.mcu.externaltools.gnu-tools-for-stm32.11.3.rel1.win32_1.1.100.202309141235/tools/bin/../lib/gcc/arm-none-eabi/11.3.1/../../../../arm-none-eabi/lib/thumb/v7e-m+fp/hard\libc_nano.a(libc_a-fread.o)
                              ./hagl/src/hagl.o (fread)
C:/ST/STM32CubeIDE_1.14.0/STM32CubeIDE/plugins/com.st.stm32cube.ide.mcu.externaltools.gnu-tools-for-stm32.11.3.rel1.win32_1.1.100.202309141235/tools/bin/../lib/gcc/arm-none-eabi/11.3.1/../../../../arm-none-eabi/lib/thumb/v7e-m+fp/hard\libc_nano.a(libc_a-fseek.o)
                              C:/ST/STM32CubeIDE_1.14.0/STM32CubeIDE/plugins/com.st.stm32cube.ide.mcu.externaltools.gnu-tools-for-stm32.11.3.rel1.win32_1.1.100.202309141235/tools/bin/../lib/gcc/arm-none-eabi/11.3.1/../../../../arm-none-eabi/lib/thumb/v7e-m+fp/hard\libc_nano.a(libc_a-fopen.o) (_fseek_r)
C:/ST/STM32CubeIDE_1.14.0/STM32CubeIDE/plugins/com.st.stm32cube.ide.mcu.externaltools.gnu-tools-for-stm32.11.3.rel1.win32_1.1.100.202309141235/tools/bin/../lib/gcc/arm-none-eabi/11.3.1/../../../../arm-none-eabi/lib/thumb/v7e-m+fp/hard\libc_nano.a(libc_a-fwalk.o)
                              C:/ST/STM32CubeIDE_1.14.0/STM32CubeIDE/plugins/com.st.stm32cube.ide.mcu.externaltools.gnu-tools-for-stm32.11.3.rel1.win32_1.1.100.202309141235/tools/bin/../lib/gcc/arm-none-eabi/11.3.1/../../../../arm-none-eabi/lib/thumb/v7e-m+fp/hard\libc_nano.a(libc_a-fflush.o) (_fwalk_sglue)
C:/ST/STM32CubeIDE_1.14.0/STM32CubeIDE/plugins/com.st.stm32cube.ide.mcu.externaltools.gnu-tools-for-stm32.11.3.rel1.win32_1.1.100.202309141235/tools/bin/../lib/gcc/arm-none-eabi/11.3.1/../../../../arm-none-eabi/lib/thumb/v7e-m+fp/hard\libc_nano.a(libc_a-refill.o)
                              C:/ST/STM32CubeIDE_1.14.0/STM32CubeIDE/plugins/com.st.stm32cube.ide.mcu.externaltools.gnu-tools-for-stm32.11.3.rel1.win32_1.1.100.202309141235/tools/bin/../lib/gcc/arm-none-eabi/11.3.1/../../../../arm-none-eabi/lib/thumb/v7e-m+fp/hard\libc_nano.a(libc_a-fread.o) (__srefill_r)
C:/ST/STM32CubeIDE_1.14.0/STM32CubeIDE/plugins/com.st.stm32cube.ide.mcu.externaltools.gnu-tools-for-stm32.11.3.rel1.win32_1.1.100.202309141235/tools/bin/../lib/gcc/arm-none-eabi/11.3.1/../../../../arm-none-eabi/lib/thumb/v7e-m+fp/hard\libc_nano.a(libc_a-stdio.o)
                              C:/ST/STM32CubeIDE_1.14.0/STM32CubeIDE/plugins/com.st.stm32cube.ide.mcu.externaltools.gnu-tools-for-stm32.11.3.rel1.win32_1.1.100.202309141235/tools/bin/../lib/gcc/arm-none-eabi/11.3.1/../../../../arm-none-eabi/lib/thumb/v7e-m+fp/hard\libc_nano.a(libc_a-findfp.o) (__sread)
[...]
Memory Configuration

Name             Origin             Length             Attributes
RAM              0x0000000020000000 0x0000000000018000 xrw
RAM2             0x0000000010000000 0x0000000000008000 xrw
FLASH            0x0000000008000000 0x0000000000100000 xr
*default*        0x0000000000000000 0xffffffffffffffff

Linker script and memory map

LOAD C:/ST/STM32CubeIDE_1.14.0/STM32CubeIDE/plugins/com.st.stm32cube.ide.mcu.externaltools.gnu-tools-for-stm32.11.3.rel1.win32_1.1.100.202309141235/tools/bin/../lib/gcc/arm-none-eabi/11.3.1/thumb/v7e-m+fp/hard/crti.o
LOAD C:/ST/STM32CubeIDE_1.14.0/STM32CubeIDE/plugins/com.st.stm32cube.ide.mcu.externaltools.gnu-tools-for-stm32.11.3.rel1.win32_1.1.100.202309141235/tools/bin/../lib/gcc/arm-none-eabi/11.3.1/thumb/v7e-m+fp/hard/crtbegin.o
LOAD C:/ST/STM32CubeIDE_1.14.0/STM32CubeIDE/plugins/com.st.stm32cube.ide.mcu.externaltools.gnu-tools-for-stm32.11.3.rel1.win32_1.1.100.202309141235/tools/bin/../lib/gcc/arm-none-eabi/11.3.1/../../../../arm-none-eabi/lib/thumb/v7e-m+fp/hard/crt0.o
LOAD ./Core/Src/gpio.o
LOAD ./Core/Src/lcd.o
LOAD ./Core/Src/main.o
LOAD ./Core/Src/seg7.o
LOAD ./Core/Src/snk.o
LOAD ./Core/Src/spi.o
LOAD ./Core/Src/stm32l4xx_hal_msp.o
LOAD ./Core/Src/stm32l4xx_it.o
LOAD ./Core/Src/syscalls.o
LOAD ./Core/Src/sysmem.o
LOAD ./Core/Src/system_stm32l4xx.o
LOAD ./Core/Src/tim.o
LOAD ./Core/Src/usart.o
LOAD ./Core/Startup/startup_stm32l476rgtx.o
LOAD ./Drivers/STM32L4xx_HAL_Driver/Src/stm32l4xx_hal.o
LOAD ./Drivers/STM32L4xx_HAL_Driver/Src/stm32l4xx_hal_cortex.o
LOAD ./Drivers/STM32L4xx_HAL_Driver/Src/stm32l4xx_hal_dma.o
LOAD ./Drivers/STM32L4xx_HAL_Driver/Src/stm32l4xx_hal_dma_ex.o
LOAD ./Drivers/STM32L4xx_HAL_Driver/Src/stm32l4xx_hal_exti.o
LOAD ./Drivers/STM32L4xx_HAL_Driver/Src/stm32l4xx_hal_flash.o
LOAD ./Drivers/STM32L4xx_HAL_Driver/Src/stm32l4xx_hal_flash_ex.o
LOAD ./Drivers/STM32L4xx_HAL_Driver/Src/stm32l4xx_hal_flash_ramfunc.o
LOAD ./Drivers/STM32L4xx_HAL_Driver/Src/stm32l4xx_hal_gpio.o
LOAD ./Drivers/STM32L4xx_HAL_Driver/Src/stm32l4xx_hal_pwr.o
LOAD ./Drivers/STM32L4xx_HAL_Driver/Src/stm32l4xx_hal_pwr_ex.o
LOAD ./Drivers/STM32L4xx_HAL_Driver/Src/stm32l4xx_hal_rcc.o
LOAD ./Drivers/STM32L4xx_HAL_Driver/Src/stm32l4xx_hal_rcc_ex.o
LOAD ./Drivers/STM32L4xx_HAL_Driver/Src/stm32l4xx_hal_spi.o
LOAD ./Drivers/STM32L4xx_HAL_Driver/Src/stm32l4xx_hal_spi_ex.o
LOAD ./Drivers/STM32L4xx_HAL_Driver/Src/stm32l4xx_hal_tim.o
LOAD ./Drivers/STM32L4xx_HAL_Driver/Src/stm32l4xx_hal_tim_ex.o
LOAD ./Drivers/STM32L4xx_HAL_Driver/Src/stm32l4xx_hal_uart.o
LOAD ./Drivers/STM32L4xx_HAL_Driver/Src/stm32l4xx_hal_uart_ex.o
LOAD ./hagl/src/bitmap.o
LOAD ./hagl/src/clip.o
LOAD ./hagl/src/fontx.o
LOAD ./hagl/src/hagl.o
LOAD ./hagl/src/hsl.o
LOAD ./hagl/src/rgb565.o
LOAD ./hagl/src/rgb888.o
LOAD ./hagl/src/tjpgd.o
START GROUP
LOAD C:/ST/STM32CubeIDE_1.14.0/STM32CubeIDE/plugins/com.st.stm32cube.ide.mcu.externaltools.gnu-tools-for-stm32.11.3.rel1.win32_1.1.100.202309141235/tools/bin/../lib/gcc/arm-none-eabi/11.3.1/../../../../arm-none-eabi/lib/thumb/v7e-m+fp/hard\libc_nano.a
LOAD C:/ST/STM32CubeIDE_1.14.0/STM32CubeIDE/plugins/com.st.stm32cube.ide.mcu.externaltools.gnu-tools-for-stm32.11.3.rel1.win32_1.1.100.202309141235/tools/bin/../lib/gcc/arm-none-eabi/11.3.1/../../../../arm-none-eabi/lib/thumb/v7e-m+fp/hard\libm.a
END GROUP
START GROUP
LOAD C:/ST/STM32CubeIDE_1.14.0/STM32CubeIDE/plugins/com.st.stm32cube.ide.mcu.externaltools.gnu-tools-for-stm32.11.3.rel1.win32_1.1.100.202309141235/tools/bin/../lib/gcc/arm-none-eabi/11.3.1/thumb/v7e-m+fp/hard\libgcc.a
LOAD C:/ST/STM32CubeIDE_1.14.0/STM32CubeIDE/plugins/com.st.stm32cube.ide.mcu.externaltools.gnu-tools-for-stm32.11.3.rel1.win32_1.1.100.202309141235/tools/bin/../lib/gcc/arm-none-eabi/11.3.1/../../../../arm-none-eabi/lib/thumb/v7e-m+fp/hard\libc_nano.a
END GROUP
START GROUP
LOAD C:/ST/STM32CubeIDE_1.14.0/STM32CubeIDE/plugins/com.st.stm32cube.ide.mcu.externaltools.gnu-tools-for-stm32.11.3.rel1.win32_1.1.100.202309141235/tools/bin/../lib/gcc/arm-none-eabi/11.3.1/thumb/v7e-m+fp/hard\libgcc.a
LOAD C:/ST/STM32CubeIDE_1.14.0/STM32CubeIDE/plugins/com.st.stm32cube.ide.mcu.externaltools.gnu-tools-for-stm32.11.3.rel1.win32_1.1.100.202309141235/tools/bin/../lib/gcc/arm-none-eabi/11.3.1/../../../../arm-none-eabi/lib/thumb/v7e-m+fp/hard\libc_nano.a
LOAD C:/ST/STM32CubeIDE_1.14.0/STM32CubeIDE/plugins/com.st.stm32cube.ide.mcu.externaltools.gnu-tools-for-stm32.11.3.rel1.win32_1.1.100.202309141235/tools/bin/../lib/gcc/arm-none-eabi/11.3.1/../../../../arm-none-eabi/lib/thumb/v7e-m+fp/hard\libnosys.a
END GROUP
START GROUP
LOAD C:/ST/STM32CubeIDE_1.14.0/STM32CubeIDE/plugins/com.st.stm32cube.ide.mcu.externaltools.gnu-tools-for-stm32.11.3.rel1.win32_1.1.100.202309141235/tools/bin/../lib/gcc/arm-none-eabi/11.3.1/thumb/v7e-m+fp/hard\libgcc.a
LOAD C:/ST/STM32CubeIDE_1.14.0/STM32CubeIDE/plugins/com.st.stm32cube.ide.mcu.externaltools.gnu-tools-for-stm32.11.3.rel1.win32_1.1.100.202309141235/tools/bin/../lib/gcc/arm-none-eabi/11.3.1/../../../../arm-none-eabi/lib/thumb/v7e-m+fp/hard\libc_nano.a
LOAD C:/ST/STM32CubeIDE_1.14.0/STM32CubeIDE/plugins/com.st.stm32cube.ide.mcu.externaltools.gnu-tools-for-stm32.11.3.rel1.win32_1.1.100.202309141235/tools/bin/../lib/gcc/arm-none-eabi/11.3.1/../../../../arm-none-eabi/lib/thumb/v7e-m+fp/hard\libnosys.a
END GROUP
LOAD C:/ST/STM32CubeIDE_1.14.0/STM32CubeIDE/plugins/com.st.stm32cube.ide.mcu.externaltools.gnu-tools-for-stm32.11.3.rel1.win32_1.1.100.202309141235/tools/bin/../lib/gcc/arm-none-eabi/11.3.1/thumb/v7e-m+fp/hard/crtend.o
LOAD C:/ST/STM32CubeIDE_1.14.0/STM32CubeIDE/plugins/com.st.stm32cube.ide.mcu.externaltools.gnu-tools-for-stm32.11.3.rel1.win32_1.1.100.202309141235/tools/bin/../lib/gcc/arm-none-eabi/11.3.1/thumb/v7e-m+fp/hard/crtn.o
                0x0000000020018000                _estack = (ORIGIN (RAM) + LENGTH (RAM))
                0x0000000000000200                _Min_Heap_Size = 0x200
                0x0000000000002000                _Min_Stack_Size = 0x2000

.isr_vector     0x0000000008000000      0x188
                0x0000000008000000                . = ALIGN (0x4)
 *(.isr_vector)
 .isr_vector    0x0000000008000000      0x188 ./Core/Startup/startup_stm32l476rgtx.o
                0x0000000008000000                g_pfnVectors
                0x0000000008000188                . = ALIGN (0x4)

.text           0x0000000008000188     0x4db4
                0x0000000008000188                . = ALIGN (0x4)
 *(.text)
 .text          0x0000000008000188       0x40 C:/ST/STM32CubeIDE_1.14.0/STM32CubeIDE/plugins/com.st.stm32cube.ide.mcu.externaltools.gnu-tools-for-stm32.11.3.rel1.win32_1.1.100.202309141235/tools/bin/../lib/gcc/arm-none-eabi/11.3.1/thumb/v7e-m+fp/hard/crtbegin.o
 .text          0x00000000080001c8       0x30 C:/ST/STM32CubeIDE_1.14.0/STM32CubeIDE/plugins/com.st.stm32cube.ide.mcu.externaltools.gnu-tools-for-stm32.11.3.rel1.win32_1.1.100.202309141235/tools/bin/../lib/gcc/arm-none-eabi/11.3.1/thumb/v7e-m+fp/hard\libgcc.a(_aeabi_uldivmod.o)
                0x00000000080001c8                __aeabi_uldivmod
 .text          0x00000000080001f8      0x2c8 C:/ST/STM32CubeIDE_1.14.0/STM32CubeIDE/plugins/com.st.stm32cube.ide.mcu.externaltools.gnu-tools-for-stm32.11.3.rel1.win32_1.1.100.202309141235/tools/bin/../lib/gcc/arm-none-eabi/11.3.1/thumb/v7e-m+fp/hard\libgcc.a(_udivmoddi4.o)
                0x00000000080001f8                __udivmoddi4
 .text          0x00000000080004c0        0x4 C:/ST/STM32CubeIDE_1.14.0/STM32CubeIDE/plugins/com.st.stm32cube.ide.mcu.externaltools.gnu-tools-for-stm32.11.3.rel1.win32_1.1.100.202309141235/tools/bin/../lib/gcc/arm-none-eabi/11.3.1/thumb/v7e-m+fp/hard\libgcc.a(_dvmd_tls.o)
                0x00000000080004c0                __aeabi_idiv0
                0x00000000080004c0                __aeabi_ldiv0
 *(.text*)
 .text.MX_GPIO_Init
                0x00000000080004c4      0x12c ./Core/Src/gpio.o
                0x00000000080004c4                MX_GPIO_Init
 .text.lcd_cmd  0x00000000080005f0       0x4c ./Core/Src/lcd.o
 .text.lcd_data
                0x000000000800063c       0x4c ./Core/Src/lcd.o
 .text.lcd_send
                0x0000000008000688       0x32 ./Core/Src/lcd.o
 *fill*         0x00000000080006ba        0x2 
 .text.lcd_init
                0x00000000080006bc       0x70 ./Core/Src/lcd.o
                0x00000000080006bc                lcd_init
 .text.lcd_data16
                0x000000000800072c       0x2a ./Core/Src/lcd.o
 .text.lcd_set_window
                0x0000000008000756       0x66 ./Core/Src/lcd.o
 .text.lcd_put_pixel
                0x00000000080007bc       0x38 ./Core/Src/lcd.o
                0x00000000080007bc                lcd_put_pixel
 .text.lcd_copy
                0x00000000080007f4       0x5c ./Core/Src/lcd.o
                0x00000000080007f4                lcd_copy
 .text.HAL_GPIO_EXTI_Callback
                0x0000000008000850       0x54 ./Core/Src/main.o
                0x0000000008000850                HAL_GPIO_EXTI_Callback
 .text.HAL_TIM_PeriodElapsedCallback
                0x00000000080008a4       0x20 ./Core/Src/main.o
                0x00000000080008a4                HAL_TIM_PeriodElapsedCallback
 .text.main     0x00000000080008c4       0x5c ./Core/Src/main.o
                0x00000000080008c4                main
 .text.SystemClock_Config
                0x0000000008000920       0xa4 ./Core/Src/main.o
                0x0000000008000920                SystemClock_Config
 .text.Error_Handler
                0x00000000080009c4        0xa ./Core/Src/main.o
                0x00000000080009c4                Error_Handler
 .text.set_output
                0x00000000080009ce       0xa8 ./Core/Src/seg7.o
 *fill*         0x0000000008000a76        0x2 
 .text.seg7_show_digit
                0x0000000008000a78       0x48 ./Core/Src/seg7.o
                0x0000000008000a78                seg7_show_digit
 .text.seg7_show
                0x0000000008000ac0       0x20 ./Core/Src/seg7.o
                0x0000000008000ac0                seg7_show
 .text.seg7_update
                0x0000000008000ae0       0x80 ./Core/Src/seg7.o
                0x0000000008000ae0                seg7_update
 .text.square   0x0000000008000b60       0x58 ./Core/Src/snk.o
                0x0000000008000b60                square
 .text.apple    0x0000000008000bb8      0x100 ./Core/Src/snk.o
                0x0000000008000bb8                apple
 .text.snk_start_pos
                0x0000000008000cb8       0x50 ./Core/Src/snk.o
                0x0000000008000cb8                snk_start_pos
 .text.snk_draw
                0x0000000008000d08       0x4c ./Core/Src/snk.o
                0x0000000008000d08                snk_draw
 .text.snkStart
                0x0000000008000d54       0x9e ./Core/Src/snk.o
                0x0000000008000d54                snkStart
 *fill*         0x0000000008000df2        0x2 
 .text.snk_move
                0x0000000008000df4      0x1f8 ./Core/Src/snk.o
                0x0000000008000df4                snk_move
 .text.snk_eat  0x0000000008000fec       0x40 ./Core/Src/snk.o
                0x0000000008000fec                snk_eat
 .text.game_over_mess
                0x000000000800102c       0x2c ./Core/Src/snk.o
                0x000000000800102c                game_over_mess
 .text.game_over
                0x0000000008001058       0x88 ./Core/Src/snk.o
                0x0000000008001058                game_over
 .text.getScore
                0x00000000080010e0       0x18 ./Core/Src/snk.o
                0x00000000080010e0                getScore
 .text.MX_SPI2_Init
                0x00000000080010f8       0x7c ./Core/Src/spi.o
                0x00000000080010f8                MX_SPI2_Init
 .text.HAL_SPI_MspInit
                0x0000000008001174       0xc4 ./Core/Src/spi.o
                0x0000000008001174                HAL_SPI_MspInit
 .text.HAL_MspInit
                0x0000000008001238       0x48 ./Core/Src/stm32l4xx_hal_msp.o
                0x0000000008001238                HAL_MspInit
 .text.NMI_Handler
                0x0000000008001280        0x6 ./Core/Src/stm32l4xx_it.o
                0x0000000008001280                NMI_Handler
 .text.HardFault_Handler
                0x0000000008001286        0x6 ./Core/Src/stm32l4xx_it.o
                0x0000000008001286                HardFault_Handler
 .text.MemManage_Handler
                0x000000000800128c        0x6 ./Core/Src/stm32l4xx_it.o
                0x000000000800128c                MemManage_Handler
 .text.BusFault_Handler
                0x0000000008001292        0x6 ./Core/Src/stm32l4xx_it.o
                0x0000000008001292                BusFault_Handler
 .text.UsageFault_Handler
                0x0000000008001298        0x6 ./Core/Src/stm32l4xx_it.o
                0x0000000008001298                UsageFault_Handler
 .text.SVC_Handler
                0x000000000800129e        0xe ./Core/Src/stm32l4xx_it.o
                0x000000000800129e                SVC_Handler
 .text.DebugMon_Handler
                0x00000000080012ac        0xe ./Core/Src/stm32l4xx_it.o
                0x00000000080012ac                DebugMon_Handler
 .text.PendSV_Handler
                0x00000000080012ba        0xe ./Core/Src/stm32l4xx_it.o
                0x00000000080012ba                PendSV_Handler
 .text.SysTick_Handler
                0x00000000080012c8        0xc ./Core/Src/stm32l4xx_it.o
                0x00000000080012c8                SysTick_Handler
 .text.EXTI9_5_IRQHandler
                0x00000000080012d4       0x24 ./Core/Src/stm32l4xx_it.o
                0x00000000080012d4                EXTI9_5_IRQHandler
 .text.TIM6_DAC_IRQHandler
                0x00000000080012f8       0x14 ./Core/Src/stm32l4xx_it.o
                0x00000000080012f8                TIM6_DAC_IRQHandler
 .text.SystemInit
                0x000000000800130c       0x24 ./Core/Src/system_stm32l4xx.o
                0x000000000800130c                SystemInit
 .text.MX_TIM6_Init
                0x0000000008001330       0x6c ./Core/Src/tim.o
                0x0000000008001330                MX_TIM6_Init
 .text.HAL_TIM_Base_MspInit
                0x000000000800139c       0x4c ./Core/Src/tim.o
                0x000000000800139c                HAL_TIM_Base_MspInit
 .text.MX_USART2_UART_Init
                0x00000000080013e8       0x60 ./Core/Src/usart.o
                0x00000000080013e8                MX_USART2_UART_Init
 .text.HAL_UART_MspInit
                0x0000000008001448       0xb8 ./Core/Src/usart.o
                0x0000000008001448                HAL_UART_MspInit
 .text.Reset_Handler
                0x0000000008001500       0x50 ./Core/Startup/startup_stm32l476rgtx.o
                0x0000000008001500                Reset_Handler
 .text.Default_Handler
                0x0000000008001550        0x2 ./Core/Startup/startup_stm32l476rgtx.o
                0x0000000008001550                RTC_Alarm_IRQHandler
                0x0000000008001550                EXTI2_IRQHandler
                0x0000000008001550                TIM8_TRG_COM_IRQHandler
                0x0000000008001550                TIM8_CC_IRQHandler
                0x0000000008001550                TIM1_CC_IRQHandler
                0x0000000008001550                TSC_IRQHandler
                0x0000000008001550                TAMP_STAMP_IRQHandler
                0x0000000008001550                EXTI3_IRQHandler
                0x0000000008001550                LPTIM2_IRQHandler
                0x0000000008001550                DFSDM1_FLT1_IRQHandler
                0x0000000008001550                I2C3_ER_IRQHandler
                0x0000000008001550                DFSDM1_FLT2_IRQHandler
                0x0000000008001550                EXTI0_IRQHandler
                0x0000000008001550                I2C2_EV_IRQHandler
                0x0000000008001550                CAN1_RX0_IRQHandler
                0x0000000008001550                FPU_IRQHandler
                0x0000000008001550                TIM1_UP_TIM16_IRQHandler
                0x0000000008001550                ADC1_2_IRQHandler
                0x0000000008001550                SPI1_IRQHandler
                0x0000000008001550                TIM8_UP_IRQHandler
                0x0000000008001550                DMA2_Channel2_IRQHandler
                0x0000000008001550                DMA1_Channel4_IRQHandler
                0x0000000008001550                SAI2_IRQHandler
                0x0000000008001550                DFSDM1_FLT3_IRQHandler
                0x0000000008001550                USART3_IRQHandler
                0x0000000008001550                DMA1_Channel7_IRQHandler
                0x0000000008001550                CAN1_RX1_IRQHandler
                0x0000000008001550                LCD_IRQHandler
                0x0000000008001550                UART5_IRQHandler
                0x0000000008001550                ADC3_IRQHandler
                0x0000000008001550                TIM4_IRQHandler
                0x0000000008001550                DMA2_Channel1_IRQHandler
                0x0000000008001550                QUADSPI_IRQHandler
                0x0000000008001550                I2C1_EV_IRQHandler
                0x0000000008001550                DMA1_Channel6_IRQHandler
                0x0000000008001550                UART4_IRQHandler
                0x0000000008001550                DMA2_Channel4_IRQHandler
                0x0000000008001550                TIM3_IRQHandler
                0x0000000008001550                RCC_IRQHandler
                0x0000000008001550                DMA1_Channel1_IRQHandler
                0x0000000008001550                Default_Handler
                0x0000000008001550                DMA2_Channel7_IRQHandler
                0x0000000008001550                EXTI15_10_IRQHandler
                0x0000000008001550                TIM7_IRQHandler
                0x0000000008001550                SDMMC1_IRQHandler
                0x0000000008001550                TIM5_IRQHandler
                0x0000000008001550                I2C3_EV_IRQHandler
                0x0000000008001550                RTC_WKUP_IRQHandler
                0x0000000008001550                PVD_PVM_IRQHandler
                0x0000000008001550                SPI2_IRQHandler
                0x0000000008001550                CAN1_TX_IRQHandler
                0x0000000008001550                DMA2_Channel5_IRQHandler
                0x0000000008001550                DMA1_Channel5_IRQHandler
                0x0000000008001550                EXTI4_IRQHandler
                0x0000000008001550                RNG_IRQHandler
                0x0000000008001550                TIM1_TRG_COM_TIM17_IRQHandler
                0x0000000008001550                DMA1_Channel3_IRQHandler
                0x0000000008001550                COMP_IRQHandler
                0x0000000008001550                WWDG_IRQHandler
                0x0000000008001550                LPUART1_IRQHandler
                0x0000000008001550                DMA2_Channel6_IRQHandler
                0x0000000008001550                TIM2_IRQHandler
                0x0000000008001550                EXTI1_IRQHandler
                0x0000000008001550                USART2_IRQHandler
                0x0000000008001550                DFSDM1_FLT0_IRQHandler
                0x0000000008001550                I2C2_ER_IRQHandler
                0x0000000008001550                DMA1_Channel2_IRQHandler
                0x0000000008001550                TIM8_BRK_IRQHandler
                0x0000000008001550                CAN1_SCE_IRQHandler
                0x0000000008001550                FLASH_IRQHandler
                0x0000000008001550                USART1_IRQHandler
                0x0000000008001550                OTG_FS_IRQHandler
                0x0000000008001550                SPI3_IRQHandler
                0x0000000008001550                I2C1_ER_IRQHandler
                0x0000000008001550                FMC_IRQHandler
                0x0000000008001550                SWPMI1_IRQHandler
                0x0000000008001550                LPTIM1_IRQHandler
                0x0000000008001550                SAI1_IRQHandler
                0x0000000008001550                DMA2_Channel3_IRQHandler
                0x0000000008001550                TIM1_BRK_TIM15_IRQHandler
 .text.HAL_Init
                0x0000000008001552       0x30 ./Drivers/STM32L4xx_HAL_Driver/Src/stm32l4xx_hal.o
                0x0000000008001552                HAL_Init
 *fill*         0x0000000008001582        0x2 
 .text.HAL_InitTick
                0x0000000008001584       0x78 ./Drivers/STM32L4xx_HAL_Driver/Src/stm32l4xx_hal.o
                0x0000000008001584                HAL_InitTick
 .text.HAL_IncTick
                0x00000000080015fc       0x28 ./Drivers/STM32L4xx_HAL_Driver/Src/stm32l4xx_hal.o
                0x00000000080015fc                HAL_IncTick
 .text.HAL_GetTick
                0x0000000008001624       0x18 ./Drivers/STM32L4xx_HAL_Driver/Src/stm32l4xx_hal.o
                0x0000000008001624                HAL_GetTick
 .text.HAL_Delay
                0x000000000800163c       0x48 ./Drivers/STM32L4xx_HAL_Driver/Src/stm32l4xx_hal.o
                0x000000000800163c                HAL_Delay
 .text.__NVIC_SetPriorityGrouping
                0x0000000008001684       0x48 ./Drivers/STM32L4xx_HAL_Driver/Src/stm32l4xx_hal_cortex.o
 .text.__NVIC_GetPriorityGrouping
                0x00000000080016cc       0x1c ./Drivers/STM32L4xx_HAL_Driver/Src/stm32l4xx_hal_cortex.o
 .text.__NVIC_EnableIRQ
                0x00000000080016e8       0x3c ./Drivers/STM32L4xx_HAL_Driver/Src/stm32l4xx_hal_cortex.o
 .text.__NVIC_SetPriority
                0x0000000008001724       0x54 ./Drivers/STM32L4xx_HAL_Driver/Src/stm32l4xx_hal_cortex.o
 .text.NVIC_EncodePriority
                0x0000000008001778       0x66 ./Drivers/STM32L4xx_HAL_Driver/Src/stm32l4xx_hal_cortex.o
 *fill*         0x00000000080017de        0x2 
 .text.SysTick_Config
                0x00000000080017e0       0x44 ./Drivers/STM32L4xx_HAL_Driver/Src/stm32l4xx_hal_cortex.o
 .text.HAL_NVIC_SetPriorityGrouping
                0x0000000008001824       0x16 ./Drivers/STM32L4xx_HAL_Driver/Src/stm32l4xx_hal_cortex.o
                0x0000000008001824                HAL_NVIC_SetPriorityGrouping
 .text.HAL_NVIC_SetPriority
                0x000000000800183a       0x38 ./Drivers/STM32L4xx_HAL_Driver/Src/stm32l4xx_hal_cortex.o
                0x000000000800183a                HAL_NVIC_SetPriority
 .text.HAL_NVIC_EnableIRQ
                0x0000000008001872       0x1c ./Drivers/STM32L4xx_HAL_Driver/Src/stm32l4xx_hal_cortex.o
                0x0000000008001872                HAL_NVIC_EnableIRQ
 .text.HAL_SYSTICK_Config
                0x000000000800188e       0x18 ./Drivers/STM32L4xx_HAL_Driver/Src/stm32l4xx_hal_cortex.o
                0x000000000800188e                HAL_SYSTICK_Config
 *fill*         0x00000000080018a6        0x2 
 .text.HAL_GPIO_Init
                0x00000000080018a8      0x354 ./Drivers/STM32L4xx_HAL_Driver/Src/stm32l4xx_hal_gpio.o
                0x00000000080018a8                HAL_GPIO_Init
 .text.HAL_GPIO_WritePin
                0x0000000008001bfc       0x30 ./Drivers/STM32L4xx_HAL_Driver/Src/stm32l4xx_hal_gpio.o
                0x0000000008001bfc                HAL_GPIO_WritePin
 .text.HAL_GPIO_EXTI_IRQHandler
                0x0000000008001c2c       0x30 ./Drivers/STM32L4xx_HAL_Driver/Src/stm32l4xx_hal_gpio.o
                0x0000000008001c2c                HAL_GPIO_EXTI_IRQHandler
 .text.HAL_PWREx_GetVoltageRange
                0x0000000008001c5c       0x1c ./Drivers/STM32L4xx_HAL_Driver/Src/stm32l4xx_hal_pwr_ex.o
                0x0000000008001c5c                HAL_PWREx_GetVoltageRange
 .text.HAL_PWREx_ControlVoltageScaling
                0x0000000008001c78       0xac ./Drivers/STM32L4xx_HAL_Driver/Src/stm32l4xx_hal_pwr_ex.o
                0x0000000008001c78                HAL_PWREx_ControlVoltageScaling
 .text.HAL_RCC_OscConfig
                0x0000000008001d24      0x7b8 ./Drivers/STM32L4xx_HAL_Driver/Src/stm32l4xx_hal_rcc.o
                0x0000000008001d24                HAL_RCC_OscConfig
 .text.HAL_RCC_ClockConfig
                0x00000000080024dc      0x200 ./Drivers/STM32L4xx_HAL_Driver/Src/stm32l4xx_hal_rcc.o
                0x00000000080024dc                HAL_RCC_ClockConfig
 .text.HAL_RCC_GetSysClockFreq
                0x00000000080026dc      0x118 ./Drivers/STM32L4xx_HAL_Driver/Src/stm32l4xx_hal_rcc.o
                0x00000000080026dc                HAL_RCC_GetSysClockFreq
 .text.HAL_RCC_GetHCLKFreq
                0x00000000080027f4       0x18 ./Drivers/STM32L4xx_HAL_Driver/Src/stm32l4xx_hal_rcc.o
                0x00000000080027f4                HAL_RCC_GetHCLKFreq
 .text.HAL_RCC_GetPCLK1Freq
                0x000000000800280c       0x2c ./Drivers/STM32L4xx_HAL_Driver/Src/stm32l4xx_hal_rcc.o
                0x000000000800280c                HAL_RCC_GetPCLK1Freq
 .text.HAL_RCC_GetPCLK2Freq
                0x0000000008002838       0x2c ./Drivers/STM32L4xx_HAL_Driver/Src/stm32l4xx_hal_rcc.o
                0x0000000008002838                HAL_RCC_GetPCLK2Freq
 .text.RCC_SetFlashLatencyFromMSIRange
                0x0000000008002864       0xc0 ./Drivers/STM32L4xx_HAL_Driver/Src/stm32l4xx_hal_rcc.o
 .text.HAL_RCCEx_PeriphCLKConfig
                0x0000000008002924      0x5d4 ./Drivers/STM32L4xx_HAL_Driver/Src/stm32l4xx_hal_rcc_ex.o
                0x0000000008002924                HAL_RCCEx_PeriphCLKConfig
 .text.RCCEx_PLLSAI1_Config
                0x0000000008002ef8      0x1e8 ./Drivers/STM32L4xx_HAL_Driver/Src/stm32l4xx_hal_rcc_ex.o
 .text.RCCEx_PLLSAI2_Config
                0x00000000080030e0      0x1bc ./Drivers/STM32L4xx_HAL_Driver/Src/stm32l4xx_hal_rcc_ex.o
 .text.HAL_SPI_Init
                0x000000000800329c      0x146 ./Drivers/STM32L4xx_HAL_Driver/Src/stm32l4xx_hal_spi.o
                0x000000000800329c                HAL_SPI_Init
 .text.HAL_SPI_Transmit
                0x00000000080033e2      0x2dc ./Drivers/STM32L4xx_HAL_Driver/Src/stm32l4xx_hal_spi.o
                0x00000000080033e2                HAL_SPI_Transmit
 *fill*         0x00000000080036be        0x2 
 .text.SPI_WaitFlagStateUntilTimeout
                0x00000000080036c0      0x110 ./Drivers/STM32L4xx_HAL_Driver/Src/stm32l4xx_hal_spi.o
 .text.SPI_WaitFifoStateUntilTimeout
                0x00000000080037d0      0x12c ./Drivers/STM32L4xx_HAL_Driver/Src/stm32l4xx_hal_spi.o
 .text.SPI_EndRxTxTransaction
                0x00000000080038fc       0x8c ./Drivers/STM32L4xx_HAL_Driver/Src/stm32l4xx_hal_spi.o
 .text.HAL_TIM_Base_Init
                0x0000000008003988       0xae ./Drivers/STM32L4xx_HAL_Driver/Src/stm32l4xx_hal_tim.o
                0x0000000008003988                HAL_TIM_Base_Init
 *fill*         0x0000000008003a36        0x2 
 .text.HAL_TIM_Base_Start_IT
                0x0000000008003a38       0xe0 ./Drivers/STM32L4xx_HAL_Driver/Src/stm32l4xx_hal_tim.o
                0x0000000008003a38                HAL_TIM_Base_Start_IT
 .text.HAL_TIM_IRQHandler
                0x0000000008003b18      0x23e ./Drivers/STM32L4xx_HAL_Driver/Src/stm32l4xx_hal_tim.o
                0x0000000008003b18                HAL_TIM_IRQHandler
 .text.HAL_TIM_OC_DelayElapsedCallback
                0x0000000008003d56       0x14 ./Drivers/STM32L4xx_HAL_Driver/Src/stm32l4xx_hal_tim.o
                0x0000000008003d56                HAL_TIM_OC_DelayElapsedCallback
 .text.HAL_TIM_IC_CaptureCallback
                0x0000000008003d6a       0x14 ./Drivers/STM32L4xx_HAL_Driver/Src/stm32l4xx_hal_tim.o
                0x0000000008003d6a                HAL_TIM_IC_CaptureCallback
 .text.HAL_TIM_PWM_PulseFinishedCallback
                0x0000000008003d7e       0x14 ./Drivers/STM32L4xx_HAL_Driver/Src/stm32l4xx_hal_tim.o
                0x0000000008003d7e                HAL_TIM_PWM_PulseFinishedCallback
 .text.HAL_TIM_TriggerCallback
                0x0000000008003d92       0x14 ./Drivers/STM32L4xx_HAL_Driver/Src/stm32l4xx_hal_tim.o
                0x0000000008003d92                HAL_TIM_TriggerCallback
 *fill*         0x0000000008003da6        0x2 
 .text.TIM_Base_SetConfig
                0x0000000008003da8      0x134 ./Drivers/STM32L4xx_HAL_Driver/Src/stm32l4xx_hal_tim.o
                0x0000000008003da8                TIM_Base_SetConfig
 .text.HAL_TIMEx_MasterConfigSynchronization
                0x0000000008003edc      0x110 ./Drivers/STM32L4xx_HAL_Driver/Src/stm32l4xx_hal_tim_ex.o
                0x0000000008003edc                HAL_TIMEx_MasterConfigSynchronization
 .text.HAL_TIMEx_CommutCallback
                0x0000000008003fec       0x14 ./Drivers/STM32L4xx_HAL_Driver/Src/stm32l4xx_hal_tim_ex.o
                0x0000000008003fec                HAL_TIMEx_CommutCallback
 .text.HAL_TIMEx_BreakCallback
                0x0000000008004000       0x14 ./Drivers/STM32L4xx_HAL_Driver/Src/stm32l4xx_hal_tim_ex.o
                0x0000000008004000                HAL_TIMEx_BreakCallback
 .text.HAL_TIMEx_Break2Callback
                0x0000000008004014       0x14 ./Drivers/STM32L4xx_HAL_Driver/Src/stm32l4xx_hal_tim_ex.o
                0x0000000008004014                HAL_TIMEx_Break2Callback
 .text.HAL_UART_Init
                0x0000000008004028       0x9c ./Drivers/STM32L4xx_HAL_Driver/Src/stm32l4xx_hal_uart.o
                0x0000000008004028                HAL_UART_Init
 .text.UART_SetConfig
                0x00000000080040c4      0x570 ./Drivers/STM32L4xx_HAL_Driver/Src/stm32l4xx_hal_uart.o
                0x00000000080040c4                UART_SetConfig
 .text.UART_AdvFeatureConfig
                0x0000000008004634      0x144 ./Drivers/STM32L4xx_HAL_Driver/Src/stm32l4xx_hal_uart.o
                0x0000000008004634                UART_AdvFeatureConfig
 .text.UART_CheckIdleState
                0x0000000008004778       0x92 ./Drivers/STM32L4xx_HAL_Driver/Src/stm32l4xx_hal_uart.o
                0x0000000008004778                UART_CheckIdleState
 .text.UART_WaitOnFlagUntilTimeout
                0x000000000800480a      0x188 ./Drivers/STM32L4xx_HAL_Driver/Src/stm32l4xx_hal_uart.o
                0x000000000800480a                UART_WaitOnFlagUntilTimeout
 .text.bitmap_init
                0x0000000008004992       0x48 ./hagl/src/bitmap.o
                0x0000000008004992                bitmap_init
 .text.fontx_meta
                0x00000000080049da       0x40 ./hagl/src/fontx.o
                0x00000000080049da                fontx_meta
 .text.fontx_glyph
                0x0000000008004a1a      0x124 ./hagl/src/fontx.o
                0x0000000008004a1a                fontx_glyph
 *fill*         0x0000000008004b3e        0x2 
 .text.hagl_put_pixel
                0x0000000008004b40       0x64 ./hagl/src/hagl.o
                0x0000000008004b40                hagl_put_pixel
 .text.hagl_put_char
                0x0000000008004ba4      0x1fc ./hagl/src/hagl.o
                0x0000000008004ba4                hagl_put_char
 .text.hagl_put_text
                0x0000000008004da0       0x9e ./hagl/src/hagl.o
                0x0000000008004da0                hagl_put_text
 .text.hagl_blit
                0x0000000008004e3e       0x72 ./hagl/src/hagl.o
                0x0000000008004e3e                hagl_blit
 .text.memset   0x0000000008004eb0       0x10 C:/ST/STM32CubeIDE_1.14.0/STM32CubeIDE/plugins/com.st.stm32cube.ide.mcu.externaltools.gnu-tools-for-stm32.11.3.rel1.win32_1.1.100.202309141235/tools/bin/../lib/gcc/arm-none-eabi/11.3.1/../../../../arm-none-eabi/lib/thumb/v7e-m+fp/hard\libc_nano.a(libc_a-memset.o)
                0x0000000008004eb0                memset
 .text.__libc_init_array
                0x0000000008004ec0       0x48 C:/ST/STM32CubeIDE_1.14.0/STM32CubeIDE/plugins/com.st.stm32cube.ide.mcu.externaltools.gnu-tools-for-stm32.11.3.rel1.win32_1.1.100.202309141235/tools/bin/../lib/gcc/arm-none-eabi/11.3.1/../../../../arm-none-eabi/lib/thumb/v7e-m+fp/hard\libc_nano.a(libc_a-init.o)
                0x0000000008004ec0                __libc_init_array
 .text.memcpy   0x0000000008004f08       0x1c C:/ST/STM32CubeIDE_1.14.0/STM32CubeIDE/plugins/com.st.stm32cube.ide.mcu.externaltools.gnu-tools-for-stm32.11.3.rel1.win32_1.1.100.202309141235/tools/bin/../lib/gcc/arm-none-eabi/11.3.1/../../../../arm-none-eabi/lib/thumb/v7e-m+fp/hard\libc_nano.a(libc_a-memcpy-stub.o)
                0x0000000008004f08                memcpy
 *(.glue_7)
 .glue_7        0x0000000008004f24        0x0 linker stubs
 *(.glue_7t)
 .glue_7t       0x0000000008004f24        0x0 linker stubs
 *(.eh_frame)
 .eh_frame      0x0000000008004f24        0x0 C:/ST/STM32CubeIDE_1.14.0/STM32CubeIDE/plugins/com.st.stm32cube.ide.mcu.externaltools.gnu-tools-for-stm32.11.3.rel1.win32_1.1.100.202309141235/tools/bin/../lib/gcc/arm-none-eabi/11.3.1/thumb/v7e-m+fp/hard/crtbegin.o
 *(.init)
 .init          0x0000000008004f24        0x4 C:/ST/STM32CubeIDE_1.14.0/STM32CubeIDE/plugins/com.st.stm32cube.ide.mcu.externaltools.gnu-tools-for-stm32.11.3.rel1.win32_1.1.100.202309141235/tools/bin/../lib/gcc/arm-none-eabi/11.3.1/thumb/v7e-m+fp/hard/crti.o
                0x0000000008004f24                _init
 .init          0x0000000008004f28        0x8 C:/ST/STM32CubeIDE_1.14.0/STM32CubeIDE/plugins/com.st.stm32cube.ide.mcu.externaltools.gnu-tools-for-stm32.11.3.rel1.win32_1.1.100.202309141235/tools/bin/../lib/gcc/arm-none-eabi/11.3.1/thumb/v7e-m+fp/hard/crtn.o
 *(.fini)
 .fini          0x0000000008004f30        0x4 C:/ST/STM32CubeIDE_1.14.0/STM32CubeIDE/plugins/com.st.stm32cube.ide.mcu.externaltools.gnu-tools-for-stm32.11.3.rel1.win32_1.1.100.202309141235/tools/bin/../lib/gcc/arm-none-eabi/11.3.1/thumb/v7e-m+fp/hard/crti.o
                0x0000000008004f30                _fini
 .fini          0x0000000008004f34        0x8 C:/ST/STM32CubeIDE_1.14.0/STM32CubeIDE/plugins/com.st.stm32cube.ide.mcu.externaltools.gnu-tools-for-stm32.11.3.rel1.win32_1.1.100.202309141235/tools/bin/../lib/gcc/arm-none-eabi/11.3.1/thumb/v7e-m+fp/hard/crtn.o
                0x0000000008004f3c                . = ALIGN (0x4)
                0x0000000008004f3c                _etext = .

.vfp11_veneer   0x0000000008004f3c        0x0
 .vfp11_veneer  0x0000000008004f3c        0x0 linker stubs

.v4_bx          0x0000000008004f3c        0x0
 .v4_bx         0x0000000008004f3c        0x0 linker stubs

.iplt           0x0000000008004f3c        0x0
 .iplt          0x0000000008004f3c        0x0 C:/ST/STM32CubeIDE_1.14.0/STM32CubeIDE/plugins/com.st.stm32cube.ide.mcu.externaltools.gnu-tools-for-stm32.11.3.rel1.win32_1.1.100.202309141235/tools/bin/../lib/gcc/arm-none-eabi/11.3.1/thumb/v7e-m+fp/hard/crtbegin.o

.rodata         0x0000000008004f3c     0x30cc
                0x0000000008004f3c                . = ALIGN (0x4)
 *(.rodata)
 .rodata        0x0000000008004f3c        0xa ./Core/Src/seg7.o
 *fill*         0x0000000008004f46        0x2 
 .rodata        0x0000000008004f48       0x28 ./Core/Src/snk.o
 *(.rodata*)
 .rodata.init_table
                0x0000000008004f70       0x98 ./Core/Src/lcd.o
 .rodata.font6x9
                0x0000000008005008     0x2fb5 ./Core/Src/snk.o
                0x0000000008005008                font6x9
 *fill*         0x0000000008007fbd        0x3 
 .rodata.AHBPrescTable
                0x0000000008007fc0       0x10 ./Core/Src/system_stm32l4xx.o
                0x0000000008007fc0                AHBPrescTable
 .rodata.APBPrescTable
                0x0000000008007fd0        0x8 ./Core/Src/system_stm32l4xx.o
                0x0000000008007fd0                APBPrescTable
 .rodata.MSIRangeTable
                0x0000000008007fd8       0x30 ./Core/Src/system_stm32l4xx.o
                0x0000000008007fd8                MSIRangeTable
                0x0000000008008008                . = ALIGN (0x4)

.ARM.extab      0x0000000008008008        0x0
                0x0000000008008008                . = ALIGN (0x4)
 *(.ARM.extab* .gnu.linkonce.armextab.*)
                0x0000000008008008                . = ALIGN (0x4)

.ARM            0x0000000008008008        0x8
                0x0000000008008008                . = ALIGN (0x4)
                0x0000000008008008                __exidx_start = .
 *(.ARM.exidx*)
 .ARM.exidx     0x0000000008008008        0x8 C:/ST/STM32CubeIDE_1.14.0/STM32CubeIDE/plugins/com.st.stm32cube.ide.mcu.externaltools.gnu-tools-for-stm32.11.3.rel1.win32_1.1.100.202309141235/tools/bin/../lib/gcc/arm-none-eabi/11.3.1/thumb/v7e-m+fp/hard\libgcc.a(_udivmoddi4.o)
                0x0000000008008010                __exidx_end = .
                0x0000000008008010                . = ALIGN (0x4)

.rel.dyn        0x0000000008008010        0x0
 .rel.iplt      0x0000000008008010        0x0 C:/ST/STM32CubeIDE_1.14.0/STM32CubeIDE/plugins/com.st.stm32cube.ide.mcu.externaltools.gnu-tools-for-stm32.11.3.rel1.win32_1.1.100.202309141235/tools/bin/../lib/gcc/arm-none-eabi/11.3.1/thumb/v7e-m+fp/hard/crtbegin.o

.preinit_array  0x0000000008008010        0x0
                0x0000000008008010                . = ALIGN (0x4)
                0x0000000008008010                PROVIDE (__preinit_array_start = .)
 *(.preinit_array*)
                0x0000000008008010                PROVIDE (__preinit_array_end = .)
                0x0000000008008010                . = ALIGN (0x4)

.init_array     0x0000000008008010        0x4
                0x0000000008008010                . = ALIGN (0x4)
                0x0000000008008010                PROVIDE (__init_array_start = .)
 *(SORT_BY_NAME(.init_array.*))
 *(.init_array*)
 .init_array    0x0000000008008010        0x4 C:/ST/STM32CubeIDE_1.14.0/STM32CubeIDE/plugins/com.st.stm32cube.ide.mcu.externaltools.gnu-tools-for-stm32.11.3.rel1.win32_1.1.100.202309141235/tools/bin/../lib/gcc/arm-none-eabi/11.3.1/thumb/v7e-m+fp/hard/crtbegin.o
                0x0000000008008014                PROVIDE (__init_array_end = .)
                0x0000000008008014                . = ALIGN (0x4)

.fini_array     0x0000000008008014        0x4
                0x0000000008008014                . = ALIGN (0x4)
                [!provide]                        PROVIDE (__fini_array_start = .)
 *(SORT_BY_NAME(.fini_array.*))
 *(.fini_array*)
 .fini_array    0x0000000008008014        0x4 C:/ST/STM32CubeIDE_1.14.0/STM32CubeIDE/plugins/com.st.stm32cube.ide.mcu.externaltools.gnu-tools-for-stm32.11.3.rel1.win32_1.1.100.202309141235/tools/bin/../lib/gcc/arm-none-eabi/11.3.1/thumb/v7e-m+fp/hard/crtbegin.o
                [!provide]                        PROVIDE (__fini_array_end = .)
                0x0000000008008018                . = ALIGN (0x4)
                0x0000000008008018                _sidata = LOADADDR (.data)

.data           0x0000000020000000       0x1c load address 0x0000000008008018
                0x0000000020000000                . = ALIGN (0x4)
                0x0000000020000000                _sdata = .
 *(.data)
 *(.data*)
 .data.kierunek
                0x0000000020000000        0x4 ./Core/Src/main.o
                0x0000000020000000                kierunek
 .data.snk_leng
                0x0000000020000004        0x4 ./Core/Src/snk.o
 .data.SystemCoreClock
                0x0000000020000008        0x4 ./Core/Src/system_stm32l4xx.o
                0x0000000020000008                SystemCoreClock
 .data.uwTickPrio
                0x000000002000000c        0x4 ./Drivers/STM32L4xx_HAL_Driver/Src/stm32l4xx_hal.o
                0x000000002000000c                uwTickPrio
 .data.uwTickFreq
                0x0000000020000010        0x1 ./Drivers/STM32L4xx_HAL_Driver/Src/stm32l4xx_hal.o
                0x0000000020000010                uwTickFreq
 *fill*         0x0000000020000011        0x3 
 .data.clip_window
                0x0000000020000014        0x8 ./hagl/src/hagl.o
 *(.RamFunc)
 *(.RamFunc*)
                0x000000002000001c                . = ALIGN (0x4)
                0x000000002000001c                _edata = .

.igot.plt       0x000000002000001c        0x0 load address 0x0000000008008034
 .igot.plt      0x000000002000001c        0x0 C:/ST/STM32CubeIDE_1.14.0/STM32CubeIDE/plugins/com.st.stm32cube.ide.mcu.externaltools.gnu-tools-for-stm32.11.3.rel1.win32_1.1.100.202309141235/tools/bin/../lib/gcc/arm-none-eabi/11.3.1/thumb/v7e-m+fp/hard/crtbegin.o
                0x000000002000001c                . = ALIGN (0x4)

.bss            0x000000002000001c     0xa4a4 load address 0x0000000008008034
                0x000000002000001c                _sbss = .
                0x000000002000001c                __bss_start__ = _sbss
 *(.bss)
 .bss           0x000000002000001c       0x1c C:/ST/STM32CubeIDE_1.14.0/STM32CubeIDE/plugins/com.st.stm32cube.ide.mcu.externaltools.gnu-tools-for-stm32.11.3.rel1.win32_1.1.100.202309141235/tools/bin/../lib/gcc/arm-none-eabi/11.3.1/thumb/v7e-m+fp/hard/crtbegin.o
 *(.bss*)
 .bss.frame_buffer
                0x0000000020000038     0xa000 ./Core/Src/lcd.o
 .bss.actual_value
                0x000000002000a038        0x4 ./Core/Src/seg7.o
 .bss.active_digit
                0x000000002000a03c        0x4 ./Core/Src/seg7.o
 .bss.snk_pos   0x000000002000a040      0x340 ./Core/Src/snk.o
 .bss.appleX    0x000000002000a380        0x4 ./Core/Src/snk.o
 .bss.appleY    0x000000002000a384        0x4 ./Core/Src/snk.o
 .bss.hspi2     0x000000002000a388       0x64 ./Core/Src/spi.o
                0x000000002000a388                hspi2
 .bss.htim6     0x000000002000a3ec       0x4c ./Core/Src/tim.o
                0x000000002000a3ec                htim6
 .bss.huart2    0x000000002000a438       0x84 ./Core/Src/usart.o
                0x000000002000a438                huart2
 .bss.uwTick    0x000000002000a4bc        0x4 ./Drivers/STM32L4xx_HAL_Driver/Src/stm32l4xx_hal.o
                0x000000002000a4bc                uwTick
 *(COMMON)
                0x000000002000a4c0                . = ALIGN (0x4)
                0x000000002000a4c0                _ebss = .
                0x000000002000a4c0                __bss_end__ = _ebss

._user_heap_stack
                0x000000002000a4c0     0x2200 load address 0x0000000008008034
                0x000000002000a4c0                . = ALIGN (0x8)
                [!provide]                        PROVIDE (end = .)
                0x000000002000a4c0                PROVIDE (_end = .)
                0x000000002000a6c0                . = (. + _Min_Heap_Size)
 *fill*         0x000000002000a4c0      0x200 
                0x000000002000c6c0                . = (. + _Min_Stack_Size)
 *fill*         0x000000002000a6c0     0x2000 
                0x000000002000c6c0                . = ALIGN (0x8)

/DISCARD/
 libc.a(*)
 libm.a(*)
 libgcc.a(*)

.ARM.attributes
                0x0000000000000000       0x30
 *(.ARM.attributes)
 .ARM.attributes
                0x0000000000000000       0x1e C:/ST/STM32CubeIDE_1.14.0/STM32CubeIDE/plugins/com.st.stm32cube.ide.mcu.externaltools.gnu-tools-for-stm32.11.3.rel1.win32_1.1.100.202309141235/tools/bin/../lib/gcc/arm-none-eabi/11.3.1/thumb/v7e-m+fp/hard/crti.o
 .ARM.attributes
                0x000000000000001e       0x34 C:/ST/STM32CubeIDE_1.14.0/STM32CubeIDE/plugins/com.st.stm32cube.ide.mcu.externaltools.gnu-tools-for-stm32.11.3.rel1.win32_1.1.100.202309141235/tools/bin/../lib/gcc/arm-none-eabi/11.3.1/thumb/v7e-m+fp/hard/crtbegin.o
 .ARM.attributes
                0x0000000000000052       0x34 ./Core/Src/gpio.o
 .ARM.attributes
                0x0000000000000086       0x34 ./Core/Src/lcd.o
 .ARM.attributes
                0x00000000000000ba       0x34 ./Core/Src/main.o
 .ARM.attributes
                0x00000000000000ee       0x34 ./Core/Src/seg7.o
 .ARM.attributes
                0x0000000000000122       0x34 ./Core/Src/snk.o
 .ARM.attributes
                0x0000000000000156       0x34 ./Core/Src/spi.o
 .ARM.attributes
                0x000000000000018a       0x34 ./Core/Src/stm32l4xx_hal_msp.o
 .ARM.attributes
                0x00000000000001be       0x34 ./Core/Src/stm32l4xx_it.o
 .ARM.attributes
                0x00000000000001f2       0x34 ./Core/Src/system_stm32l4xx.o
 .ARM.attributes
                0x0000000000000226       0x34 ./Core/Src/tim.o
 .ARM.attributes
                0x000000000000025a       0x34 ./Core/Src/usart.o
 .ARM.attributes
                0x000000000000028e       0x21 ./Core/Startup/startup_stm32l476rgtx.o
 .ARM.attributes
                0x00000000000002af       0x34 ./Drivers/STM32L4xx_HAL_Driver/Src/stm32l4xx_hal.o
 .ARM.attributes
                0x00000000000002e3       0x34 ./Drivers/STM32L4xx_HAL_Driver/Src/stm32l4xx_hal_cortex.o
 .ARM.attributes
                0x0000000000000317       0x34 ./Drivers/STM32L4xx_HAL_Driver/Src/stm32l4xx_hal_gpio.o
 .ARM.attributes
                0x000000000000034b       0x34 ./Drivers/STM32L4xx_HAL_Driver/Src/stm32l4xx_hal_pwr_ex.o
 .ARM.attributes
                0x000000000000037f       0x34 ./Drivers/STM32L4xx_HAL_Driver/Src/stm32l4xx_hal_rcc.o
 .ARM.attributes
                0x00000000000003b3       0x34 ./Drivers/STM32L4xx_HAL_Driver/Src/stm32l4xx_hal_rcc_ex.o
 .ARM.attributes
                0x00000000000003e7       0x34 ./Drivers/STM32L4xx_HAL_Driver/Src/stm32l4xx_hal_spi.o
 .ARM.attributes
                0x000000000000041b       0x34 ./Drivers/STM32L4xx_HAL_Driver/Src/stm32l4xx_hal_tim.o
 .ARM.attributes
                0x000000000000044f       0x34 ./Drivers/STM32L4xx_HAL_Driver/Src/stm32l4xx_hal_tim_ex.o
 .ARM.attributes
                0x0000000000000483       0x34 ./Drivers/STM32L4xx_HAL_Driver/Src/stm32l4xx_hal_uart.o
 .ARM.attributes
                0x00000000000004b7       0x34 ./hagl/src/bitmap.o
 .ARM.attributes
                0x00000000000004eb       0x34 ./hagl/src/fontx.o
 .ARM.attributes
                0x000000000000051f       0x34 ./hagl/src/hagl.o
 .ARM.attributes
                0x0000000000000553       0x34 C:/ST/STM32CubeIDE_1.14.0/STM32CubeIDE/plugins/com.st.stm32cube.ide.mcu.externaltools.gnu-tools-for-stm32.11.3.rel1.win32_1.1.100.202309141235/tools/bin/../lib/gcc/arm-none-eabi/11.3.1/../../../../arm-none-eabi/lib/thumb/v7e-m+fp/hard\libc_nano.a(libc_a-memset.o)
 .ARM.attributes
                0x0000000000000587       0x34 C:/ST/STM32CubeIDE_1.14.0/STM32CubeIDE/plugins/com.st.stm32cube.ide.mcu.externaltools.gnu-tools-for-stm32.11.3.rel1.win32_1.1.100.202309141235/tools/bin/../lib/gcc/arm-none-eabi/11.3.1/../../../../arm-none-eabi/lib/thumb/v7e-m+fp/hard\libc_nano.a(libc_a-init.o)
 .ARM.attributes
                0x00000000000005bb       0x34 C:/ST/STM32CubeIDE_1.14.0/STM32CubeIDE/plugins/com.st.stm32cube.ide.mcu.externaltools.gnu-tools-for-stm32.11.3.rel1.win32_1.1.100.202309141235/tools/bin/../lib/gcc/arm-none-eabi/11.3.1/../../../../arm-none-eabi/lib/thumb/v7e-m+fp/hard\libc_nano.a(libc_a-memcpy-stub.o)
 .ARM.attributes
                0x00000000000005ef       0x1e C:/ST/STM32CubeIDE_1.14.0/STM32CubeIDE/plugins/com.st.stm32cube.ide.mcu.externaltools.gnu-tools-for-stm32.11.3.rel1.win32_1.1.100.202309141235/tools/bin/../lib/gcc/arm-none-eabi/11.3.1/thumb/v7e-m+fp/hard\libgcc.a(_aeabi_uldivmod.o)
 .ARM.attributes
                0x000000000000060d       0x34 C:/ST/STM32CubeIDE_1.14.0/STM32CubeIDE/plugins/com.st.stm32cube.ide.mcu.externaltools.gnu-tools-for-stm32.11.3.rel1.win32_1.1.100.202309141235/tools/bin/../lib/gcc/arm-none-eabi/11.3.1/thumb/v7e-m+fp/hard\libgcc.a(_udivmoddi4.o)
 .ARM.attributes
                0x0000000000000641       0x1e C:/ST/STM32CubeIDE_1.14.0/STM32CubeIDE/plugins/com.st.stm32cube.ide.mcu.externaltools.gnu-tools-for-stm32.11.3.rel1.win32_1.1.100.202309141235/tools/bin/../lib/gcc/arm-none-eabi/11.3.1/thumb/v7e-m+fp/hard\libgcc.a(_dvmd_tls.o)
 .ARM.attributes
                0x000000000000065f       0x1e C:/ST/STM32CubeIDE_1.14.0/STM32CubeIDE/plugins/com.st.stm32cube.ide.mcu.externaltools.gnu-tools-for-stm32.11.3.rel1.win32_1.1.100.202309141235/tools/bin/../lib/gcc/arm-none-eabi/11.3.1/thumb/v7e-m+fp/hard/crtn.o
OUTPUT(Snake_2.elf elf32-littlearm)
LOAD linker stubs
LOAD C:/ST/STM32CubeIDE_1.14.0/STM32CubeIDE/plugins/com.st.stm32cube.ide.mcu.externaltools.gnu-tools-for-stm32.11.3.rel1.win32_1.1.100.202309141235/tools/bin/../lib/gcc/arm-none-eabi/11.3.1/../../../../arm-none-eabi/lib/thumb/v7e-m+fp/hard\libc.a
LOAD C:/ST/STM32CubeIDE_1.14.0/STM32CubeIDE/plugins/com.st.stm32cube.ide.mcu.externaltools.gnu-tools-for-stm32.11.3.rel1.win32_1.1.100.202309141235/tools/bin/../lib/gcc/arm-none-eabi/11.3.1/../../../../arm-none-eabi/lib/thumb/v7e-m+fp/hard\libm.a
LOAD C:/ST/STM32CubeIDE_1.14.0/STM32CubeIDE/plugins/com.st.stm32cube.ide.mcu.externaltools.gnu-tools-for-stm32.11.3.rel1.win32_1.1.100.202309141235/tools/bin/../lib/gcc/arm-none-eabi/11.3.1/thumb/v7e-m+fp/hard\libgcc.a

.comment        0x0000000000000000       0x43
 .comment       0x0000000000000000       0x43 C:/ST/STM32CubeIDE_1.14.0/STM32CubeIDE/plugins/com.st.stm32cube.ide.mcu.externaltools.gnu-tools-for-stm32.11.3.rel1.win32_1.1.100.202309141235/tools/bin/../lib/gcc/arm-none-eabi/11.3.1/thumb/v7e-m+fp/hard/crtbegin.o
                                         0x44 (size before relaxing)
 .comment       0x0000000000000043       0x44 ./Core/Src/gpio.o
 .comment       0x0000000000000043       0x44 ./Core/Src/lcd.o
 .comment       0x0000000000000043       0x44 ./Core/Src/main.o
 .comment       0x0000000000000043       0x44 ./Core/Src/seg7.o
 .comment       0x0000000000000043       0x44 ./Core/Src/snk.o
 .comment       0x0000000000000043       0x44 ./Core/Src/spi.o
 .comment       0x0000000000000043       0x44 ./Core/Src/stm32l4xx_hal_msp.o
 .comment       0x0000000000000043       0x44 ./Core/Src/stm32l4xx_it.o
 .comment       0x0000000000000043       0x44 ./Core/Src/system_stm32l4xx.o
 .comment       0x0000000000000043       0x44 ./Core/Src/tim.o
 .comment       0x0000000000000043       0x44 ./Core/Src/usart.o
 .comment       0x0000000000000043       0x44 ./Drivers/STM32L4xx_HAL_Driver/Src/stm32l4xx_hal.o
 .comment       0x0000000000000043       0x44 ./Drivers/STM32L4xx_HAL_Driver/Src/stm32l4xx_hal_cortex.o
 .comment       0x0000000000000043       0x44 ./Drivers/STM32L4xx_HAL_Driver/Src/stm32l4xx_hal_gpio.o
 .comment       0x0000000000000043       0x44 ./Drivers/STM32L4xx_HAL_Driver/Src/stm32l4xx_hal_pwr_ex.o
 .comment       0x0000000000000043       0x44 ./Drivers/STM32L4xx_HAL_Driver/Src/stm32l4xx_hal_rcc.o
 .comment       0x0000000000000043       0x44 ./Drivers/STM32L4xx_HAL_Driver/Src/stm32l4xx_hal_rcc_ex.o
 .comment       0x0000000000000043       0x44 ./Drivers/STM32L4xx_HAL_Driver/Src/stm32l4xx_hal_spi.o
 .comment       0x0000000000000043       0x44 ./Drivers/STM32L4xx_HAL_Driver/Src/stm32l4xx_hal_tim.o
 .comment       0x0000000000000043       0x44 ./Drivers/STM32L4xx_HAL_Driver/Src/stm32l4xx_hal_tim_ex.o
 .comment       0x0000000000000043       0x44 ./Drivers/STM32L4xx_HAL_Driver/Src/stm32l4xx_hal_uart.o
 .comment       0x0000000000000043       0x44 ./hagl/src/bitmap.o
 .comment       0x0000000000000043       0x44 ./hagl/src/fontx.o
 .comment       0x0000000000000043       0x44 ./hagl/src/hagl.o

.debug_info     0x0000000000000000    0x14c66
 .debug_info    0x0000000000000000      0x6be ./Core/Src/gpio.o
 .debug_info    0x00000000000006be      0x862 ./Core/Src/lcd.o
 .debug_info    0x0000000000000f20      0xa08 ./Core/Src/main.o
 .debug_info    0x0000000000001928      0x287 ./Core/Src/seg7.o
 .debug_info    0x0000000000001baf      0x437 ./Core/Src/snk.o
 .debug_info    0x0000000000001fe6      0x997 ./Core/Src/spi.o
 .debug_info    0x000000000000297d      0x2b9 ./Core/Src/stm32l4xx_hal_msp.o
 .debug_info    0x0000000000002c36      0x743 ./Core/Src/stm32l4xx_it.o
 .debug_info    0x0000000000003379      0x5b1 ./Core/Src/system_stm32l4xx.o
 .debug_info    0x000000000000392a      0xc24 ./Core/Src/tim.o
 .debug_info    0x000000000000454e      0xcf6 ./Core/Src/usart.o
 .debug_info    0x0000000000005244       0x23 ./Core/Startup/startup_stm32l476rgtx.o
 .debug_info    0x0000000000005267      0xaeb ./Drivers/STM32L4xx_HAL_Driver/Src/stm32l4xx_hal.o
 .debug_info    0x0000000000005d52      0xd4c ./Drivers/STM32L4xx_HAL_Driver/Src/stm32l4xx_hal_cortex.o
 .debug_info    0x0000000000006a9e      0x757 ./Drivers/STM32L4xx_HAL_Driver/Src/stm32l4xx_hal_gpio.o
 .debug_info    0x00000000000071f5      0x99e ./Drivers/STM32L4xx_HAL_Driver/Src/stm32l4xx_hal_pwr_ex.o
 .debug_info    0x0000000000007b93      0xc14 ./Drivers/STM32L4xx_HAL_Driver/Src/stm32l4xx_hal_rcc.o
 .debug_info    0x00000000000087a7      0xe11 ./Drivers/STM32L4xx_HAL_Driver/Src/stm32l4xx_hal_rcc_ex.o
 .debug_info    0x00000000000095b8     0x161a ./Drivers/STM32L4xx_HAL_Driver/Src/stm32l4xx_hal_spi.o
 .debug_info    0x000000000000abd2     0x2a77 ./Drivers/STM32L4xx_HAL_Driver/Src/stm32l4xx_hal_tim.o
 .debug_info    0x000000000000d649     0x169e ./Drivers/STM32L4xx_HAL_Driver/Src/stm32l4xx_hal_tim_ex.o
 .debug_info    0x000000000000ece7     0x3ad5 ./Drivers/STM32L4xx_HAL_Driver/Src/stm32l4xx_hal_uart.o
 .debug_info    0x00000000000127bc      0x40c ./hagl/src/bitmap.o
 .debug_info    0x0000000000012bc8      0x27a ./hagl/src/fontx.o
 .debug_info    0x0000000000012e42     0x1e24 ./hagl/src/hagl.o

.debug_abbrev   0x0000000000000000     0x3172
 .debug_abbrev  0x0000000000000000      0x15b ./Core/Src/gpio.o
 .debug_abbrev  0x000000000000015b      0x238 ./Core/Src/lcd.o
 .debug_abbrev  0x0000000000000393      0x2ac ./Core/Src/main.o
 .debug_abbrev  0x000000000000063f      0x16a ./Core/Src/seg7.o
 .debug_abbrev  0x00000000000007a9      0x1f0 ./Core/Src/snk.o
 .debug_abbrev  0x0000000000000999      0x1f3 ./Core/Src/spi.o
 .debug_abbrev  0x0000000000000b8c       0xc6 ./Core/Src/stm32l4xx_hal_msp.o
 .debug_abbrev  0x0000000000000c52      0x193 ./Core/Src/stm32l4xx_it.o
 .debug_abbrev  0x0000000000000de5      0x11a ./Core/Src/system_stm32l4xx.o
 .debug_abbrev  0x0000000000000eff      0x1f7 ./Core/Src/tim.o
 .debug_abbrev  0x00000000000010f6      0x1f5 ./Core/Src/usart.o
 .debug_abbrev  0x00000000000012eb       0x12 ./Core/Startup/startup_stm32l476rgtx.o
 .debug_abbrev  0x00000000000012fd      0x242 ./Drivers/STM32L4xx_HAL_Driver/Src/stm32l4xx_hal.o
 .debug_abbrev  0x000000000000153f      0x327 ./Drivers/STM32L4xx_HAL_Driver/Src/stm32l4xx_hal_cortex.o
 .debug_abbrev  0x0000000000001866      0x1cb ./Drivers/STM32L4xx_HAL_Driver/Src/stm32l4xx_hal_gpio.o
 .debug_abbrev  0x0000000000001a31      0x1f9 ./Drivers/STM32L4xx_HAL_Driver/Src/stm32l4xx_hal_pwr_ex.o
 .debug_abbrev  0x0000000000001c2a      0x2cb ./Drivers/STM32L4xx_HAL_Driver/Src/stm32l4xx_hal_rcc.o
 .debug_abbrev  0x0000000000001ef5      0x2a6 ./Drivers/STM32L4xx_HAL_Driver/Src/stm32l4xx_hal_rcc_ex.o
 .debug_abbrev  0x000000000000219b      0x26a ./Drivers/STM32L4xx_HAL_Driver/Src/stm32l4xx_hal_spi.o
 .debug_abbrev  0x0000000000002405      0x278 ./Drivers/STM32L4xx_HAL_Driver/Src/stm32l4xx_hal_tim.o
 .debug_abbrev  0x000000000000267d      0x283 ./Drivers/STM32L4xx_HAL_Driver/Src/stm32l4xx_hal_tim_ex.o
 .debug_abbrev  0x0000000000002900      0x2d0 ./Drivers/STM32L4xx_HAL_Driver/Src/stm32l4xx_hal_uart.o
 .debug_abbrev  0x0000000000002bd0       0xfa ./hagl/src/bitmap.o
 .debug_abbrev  0x0000000000002cca      0x110 ./hagl/src/fontx.o
 .debug_abbrev  0x0000000000002dda      0x398 ./hagl/src/hagl.o

.debug_aranges  0x0000000000000000     0x1300
 .debug_aranges
                0x0000000000000000       0x20 ./Core/Src/gpio.o
 .debug_aranges
                0x0000000000000020       0x58 ./Core/Src/lcd.o
 .debug_aranges
                0x0000000000000078       0x40 ./Core/Src/main.o
 .debug_aranges
                0x00000000000000b8       0x38 ./Core/Src/seg7.o
 .debug_aranges
                0x00000000000000f0       0x68 ./Core/Src/snk.o
 .debug_aranges
                0x0000000000000158       0x30 ./Core/Src/spi.o
 .debug_aranges
                0x0000000000000188       0x20 ./Core/Src/stm32l4xx_hal_msp.o
 .debug_aranges
                0x00000000000001a8       0x70 ./Core/Src/stm32l4xx_it.o
 .debug_aranges
                0x0000000000000218       0x28 ./Core/Src/system_stm32l4xx.o
 .debug_aranges
                0x0000000000000240       0x30 ./Core/Src/tim.o
 .debug_aranges
                0x0000000000000270       0x30 ./Core/Src/usart.o
 .debug_aranges
                0x00000000000002a0       0x28 ./Core/Startup/startup_stm32l476rgtx.o
 .debug_aranges
                0x00000000000002c8      0x130 ./Drivers/STM32L4xx_HAL_Driver/Src/stm32l4xx_hal.o
 .debug_aranges
                0x00000000000003f8      0x118 ./Drivers/STM32L4xx_HAL_Driver/Src/stm32l4xx_hal_cortex.o
 .debug_aranges
                0x0000000000000510       0x58 ./Drivers/STM32L4xx_HAL_Driver/Src/stm32l4xx_hal_gpio.o
 .debug_aranges
                0x0000000000000568      0x160 ./Drivers/STM32L4xx_HAL_Driver/Src/stm32l4xx_hal_pwr_ex.o
 .debug_aranges
                0x00000000000006c8       0x90 ./Drivers/STM32L4xx_HAL_Driver/Src/stm32l4xx_hal_rcc.o
 .debug_aranges
                0x0000000000000758       0xc0 ./Drivers/STM32L4xx_HAL_Driver/Src/stm32l4xx_hal_rcc_ex.o
 .debug_aranges
                0x0000000000000818      0x1d8 ./Drivers/STM32L4xx_HAL_Driver/Src/stm32l4xx_hal_spi.o
 .debug_aranges
                0x00000000000009f0      0x3e0 ./Drivers/STM32L4xx_HAL_Driver/Src/stm32l4xx_hal_tim.o
 .debug_aranges
                0x0000000000000dd0      0x180 ./Drivers/STM32L4xx_HAL_Driver/Src/stm32l4xx_hal_tim_ex.o
 .debug_aranges
                0x0000000000000f50      0x228 ./Drivers/STM32L4xx_HAL_Driver/Src/stm32l4xx_hal_uart.o
 .debug_aranges
                0x0000000000001178       0x38 ./hagl/src/bitmap.o
 .debug_aranges
                0x00000000000011b0       0x28 ./hagl/src/fontx.o
 .debug_aranges
                0x00000000000011d8      0x128 ./hagl/src/hagl.o

.debug_rnglists
                0x0000000000000000      0xeba
 .debug_rnglists
                0x0000000000000000       0x14 ./Core/Src/gpio.o
 .debug_rnglists
                0x0000000000000014       0x3d ./Core/Src/lcd.o
 .debug_rnglists
                0x0000000000000051       0x2c ./Core/Src/main.o
 .debug_rnglists
                0x000000000000007d       0x27 ./Core/Src/seg7.o
 .debug_rnglists
                0x00000000000000a4       0x4d ./Core/Src/snk.o
 .debug_rnglists
                0x00000000000000f1       0x20 ./Core/Src/spi.o
 .debug_rnglists
                0x0000000000000111       0x13 ./Core/Src/stm32l4xx_hal_msp.o
 .debug_rnglists
                0x0000000000000124       0x4f ./Core/Src/stm32l4xx_it.o
 .debug_rnglists
                0x0000000000000173       0x1a ./Core/Src/system_stm32l4xx.o
 .debug_rnglists
                0x000000000000018d       0x1f ./Core/Src/tim.o
 .debug_rnglists
                0x00000000000001ac       0x20 ./Core/Src/usart.o
 .debug_rnglists
                0x00000000000001cc       0x19 ./Core/Startup/startup_stm32l476rgtx.o
 .debug_rnglists
                0x00000000000001e5       0xdf ./Drivers/STM32L4xx_HAL_Driver/Src/stm32l4xx_hal.o
 .debug_rnglists
                0x00000000000002c4       0xce ./Drivers/STM32L4xx_HAL_Driver/Src/stm32l4xx_hal_cortex.o
 .debug_rnglists
                0x0000000000000392       0x3f ./Drivers/STM32L4xx_HAL_Driver/Src/stm32l4xx_hal_gpio.o
 .debug_rnglists
                0x00000000000003d1      0x109 ./Drivers/STM32L4xx_HAL_Driver/Src/stm32l4xx_hal_pwr_ex.o
 .debug_rnglists
                0x00000000000004da       0x6d ./Drivers/STM32L4xx_HAL_Driver/Src/stm32l4xx_hal_rcc.o
 .debug_rnglists
                0x0000000000000547       0x95 ./Drivers/STM32L4xx_HAL_Driver/Src/stm32l4xx_hal_rcc_ex.o
 .debug_rnglists
                0x00000000000005dc      0x178 ./Drivers/STM32L4xx_HAL_Driver/Src/stm32l4xx_hal_spi.o
 .debug_rnglists
                0x0000000000000754      0x328 ./Drivers/STM32L4xx_HAL_Driver/Src/stm32l4xx_hal_tim.o
 .debug_rnglists
                0x0000000000000a7c      0x139 ./Drivers/STM32L4xx_HAL_Driver/Src/stm32l4xx_hal_tim_ex.o
 .debug_rnglists
                0x0000000000000bb5      0x1da ./Drivers/STM32L4xx_HAL_Driver/Src/stm32l4xx_hal_uart.o
 .debug_rnglists
                0x0000000000000d8f       0x27 ./hagl/src/bitmap.o
 .debug_rnglists
                0x0000000000000db6       0x1a ./hagl/src/fontx.o
 .debug_rnglists
                0x0000000000000dd0       0xea ./hagl/src/hagl.o

.debug_macro    0x0000000000000000    0x28d7a
 .debug_macro   0x0000000000000000      0x1ee ./Core/Src/gpio.o
 .debug_macro   0x00000000000001ee      0xaa8 ./Core/Src/gpio.o
 .debug_macro   0x0000000000000c96      0x1ad ./Core/Src/gpio.o
 .debug_macro   0x0000000000000e43       0x2e ./Core/Src/gpio.o
 .debug_macro   0x0000000000000e71       0x28 ./Core/Src/gpio.o
 .debug_macro   0x0000000000000e99       0x22 ./Core/Src/gpio.o
 .debug_macro   0x0000000000000ebb       0x8e ./Core/Src/gpio.o
 .debug_macro   0x0000000000000f49       0x51 ./Core/Src/gpio.o
 .debug_macro   0x0000000000000f9a      0x103 ./Core/Src/gpio.o
 .debug_macro   0x000000000000109d       0x6a ./Core/Src/gpio.o
 .debug_macro   0x0000000000001107      0x1df ./Core/Src/gpio.o
 .debug_macro   0x00000000000012e6       0x1c ./Core/Src/gpio.o
 .debug_macro   0x0000000000001302       0x22 ./Core/Src/gpio.o
 .debug_macro   0x0000000000001324       0xfb ./Core/Src/gpio.o
 .debug_macro   0x000000000000141f     0x1011 ./Core/Src/gpio.o
 .debug_macro   0x0000000000002430      0x11f ./Core/Src/gpio.o
 .debug_macro   0x000000000000254f    0x1a17a ./Core/Src/gpio.o
 .debug_macro   0x000000000001c6c9       0x6d ./Core/Src/gpio.o
 .debug_macro   0x000000000001c736     0x38e6 ./Core/Src/gpio.o
 .debug_macro   0x000000000002001c      0x174 ./Core/Src/gpio.o
 .debug_macro   0x0000000000020190       0x5c ./Core/Src/gpio.o
 .debug_macro   0x00000000000201ec     0x159e ./Core/Src/gpio.o
 .debug_macro   0x000000000002178a      0x5a5 ./Core/Src/gpio.o
 .debug_macro   0x0000000000021d2f      0x1b9 ./Core/Src/gpio.o
 .debug_macro   0x0000000000021ee8      0x18b ./Core/Src/gpio.o
 .debug_macro   0x0000000000022073      0x26b ./Core/Src/gpio.o
 .debug_macro   0x00000000000222de      0x23d ./Core/Src/gpio.o
 .debug_macro   0x000000000002251b      0x241 ./Core/Src/gpio.o
 .debug_macro   0x000000000002275c      0x37c ./Core/Src/gpio.o
 .debug_macro   0x0000000000022ad8       0xd6 ./Core/Src/gpio.o
 .debug_macro   0x0000000000022bae      0x122 ./Core/Src/gpio.o
 .debug_macro   0x0000000000022cd0      0x3ef ./Core/Src/gpio.o
 .debug_macro   0x00000000000230bf      0x2fe ./Core/Src/gpio.o
 .debug_macro   0x00000000000233bd      0xa91 ./Core/Src/gpio.o
 .debug_macro   0x0000000000023e4e      0x1e6 ./Core/Src/gpio.o
 .debug_macro   0x0000000000024034      0x5ba ./Core/Src/gpio.o
 .debug_macro   0x00000000000245ee       0x44 ./Core/Src/gpio.o
 .debug_macro   0x0000000000024632      0x330 ./Core/Src/gpio.o
 .debug_macro   0x0000000000024962       0xdc ./Core/Src/gpio.o
 .debug_macro   0x0000000000024a3e      0x281 ./Core/Src/lcd.o
 .debug_macro   0x0000000000024cbf       0x40 ./Core/Src/lcd.o
 .debug_macro   0x0000000000024cff      0x3e7 ./Core/Src/main.o
 .debug_macro   0x00000000000250e6       0x61 ./Core/Src/main.o
 .debug_macro   0x0000000000025147       0x2a ./Core/Src/main.o
 .debug_macro   0x0000000000025171       0x43 ./Core/Src/main.o
 .debug_macro   0x00000000000251b4       0x34 ./Core/Src/main.o
 .debug_macro   0x00000000000251e8       0x16 ./Core/Src/main.o
 .debug_macro   0x00000000000251fe       0x35 ./Core/Src/main.o
 .debug_macro   0x0000000000025233      0x369 ./Core/Src/main.o
 .debug_macro   0x000000000002559c       0x10 ./Core/Src/main.o
 .debug_macro   0x00000000000255ac       0x16 ./Core/Src/main.o
 .debug_macro   0x00000000000255c2       0x43 ./Core/Src/main.o
 .debug_macro   0x0000000000025605       0x34 ./Core/Src/main.o
 .debug_macro   0x0000000000025639       0x10 ./Core/Src/main.o
 .debug_macro   0x0000000000025649       0x58 ./Core/Src/main.o
 .debug_macro   0x00000000000256a1       0x8e ./Core/Src/main.o
 .debug_macro   0x000000000002572f       0x1c ./Core/Src/main.o
 .debug_macro   0x000000000002574b      0x177 ./Core/Src/main.o
 .debug_macro   0x00000000000258c2       0x16 ./Core/Src/main.o
 .debug_macro   0x00000000000258d8       0x16 ./Core/Src/main.o
 .debug_macro   0x00000000000258ee      0x147 ./Core/Src/main.o
 .debug_macro   0x0000000000025a35       0x16 ./Core/Src/main.o
 .debug_macro   0x0000000000025a4b       0x16 ./Core/Src/main.o
 .debug_macro   0x0000000000025a61       0x29 ./Core/Src/main.o
 .debug_macro   0x0000000000025a8a       0x16 ./Core/Src/main.o
 .debug_macro   0x0000000000025aa0       0x10 ./Core/Src/main.o
 .debug_macro   0x0000000000025ab0       0x10 ./Core/Src/main.o
 .debug_macro   0x0000000000025ac0       0x10 ./Core/Src/main.o
 .debug_macro   0x0000000000025ad0       0x1c ./Core/Src/main.o
 .debug_macro   0x0000000000025aec       0x52 ./Core/Src/main.o
 .debug_macro   0x0000000000025b3e       0x22 ./Core/Src/main.o
 .debug_macro   0x0000000000025b60       0x10 ./Core/Src/main.o
 .debug_macro   0x0000000000025b70       0x52 ./Core/Src/main.o
 .debug_macro   0x0000000000025bc2       0xc1 ./Core/Src/main.o
 .debug_macro   0x0000000000025c83       0x1c ./Core/Src/main.o
 .debug_macro   0x0000000000025c9f       0x3d ./Core/Src/main.o
 .debug_macro   0x0000000000025cdc       0x35 ./Core/Src/main.o
 .debug_macro   0x0000000000025d11       0x10 ./Core/Src/main.o
 .debug_macro   0x0000000000025d21      0x1fb ./Core/Src/seg7.o
 .debug_macro   0x0000000000025f1c       0x22 ./Core/Src/seg7.o
 .debug_macro   0x0000000000025f3e      0x3b7 ./Core/Src/snk.o
 .debug_macro   0x00000000000262f5      0x10e ./Core/Src/snk.o
 .debug_macro   0x0000000000026403       0x8d ./Core/Src/snk.o
 .debug_macro   0x0000000000026490       0xcf ./Core/Src/snk.o
 .debug_macro   0x000000000002655f       0x56 ./Core/Src/snk.o
 .debug_macro   0x00000000000265b5       0x10 ./Core/Src/snk.o
 .debug_macro   0x00000000000265c5       0x1c ./Core/Src/snk.o
 .debug_macro   0x00000000000265e1       0x28 ./Core/Src/snk.o
 .debug_macro   0x0000000000026609      0x1ee ./Core/Src/spi.o
 .debug_macro   0x00000000000267f7      0x1e4 ./Core/Src/stm32l4xx_hal_msp.o
 .debug_macro   0x00000000000269db      0x1ee ./Core/Src/stm32l4xx_it.o
 .debug_macro   0x0000000000026bc9      0x1d5 ./Core/Src/system_stm32l4xx.o
 .debug_macro   0x0000000000026d9e      0x1ee ./Core/Src/tim.o
 .debug_macro   0x0000000000026f8c      0x1ee ./Core/Src/usart.o
 .debug_macro   0x000000000002717a      0x223 ./Drivers/STM32L4xx_HAL_Driver/Src/stm32l4xx_hal.o
 .debug_macro   0x000000000002739d      0x1d5 ./Drivers/STM32L4xx_HAL_Driver/Src/stm32l4xx_hal_cortex.o
 .debug_macro   0x0000000000027572      0x1dc ./Drivers/STM32L4xx_HAL_Driver/Src/stm32l4xx_hal_gpio.o
 .debug_macro   0x000000000002774e      0x1f9 ./Drivers/STM32L4xx_HAL_Driver/Src/stm32l4xx_hal_pwr_ex.o
 .debug_macro   0x0000000000027947      0x217 ./Drivers/STM32L4xx_HAL_Driver/Src/stm32l4xx_hal_rcc.o
 .debug_macro   0x0000000000027b5e      0x20b ./Drivers/STM32L4xx_HAL_Driver/Src/stm32l4xx_hal_rcc_ex.o
 .debug_macro   0x0000000000027d69      0x1dd ./Drivers/STM32L4xx_HAL_Driver/Src/stm32l4xx_hal_spi.o
 .debug_macro   0x0000000000027f46      0x1d6 ./Drivers/STM32L4xx_HAL_Driver/Src/stm32l4xx_hal_tim.o
 .debug_macro   0x000000000002811c      0x1d5 ./Drivers/STM32L4xx_HAL_Driver/Src/stm32l4xx_hal_tim_ex.o
 .debug_macro   0x00000000000282f1      0x200 ./Drivers/STM32L4xx_HAL_Driver/Src/stm32l4xx_hal_uart.o
 .debug_macro   0x00000000000284f1      0x17a ./hagl/src/bitmap.o
 .debug_macro   0x000000000002866b       0x16 ./hagl/src/bitmap.o
 .debug_macro   0x0000000000028681       0x20 ./hagl/src/bitmap.o
 .debug_macro   0x00000000000286a1      0x19b ./hagl/src/bitmap.o
 .debug_macro   0x000000000002883c      0x147 ./hagl/src/fontx.o
 .debug_macro   0x0000000000028983       0x10 ./hagl/src/fontx.o
 .debug_macro   0x0000000000028993       0x4c ./hagl/src/fontx.o
 .debug_macro   0x00000000000289df      0x23e ./hagl/src/hagl.o
 .debug_macro   0x0000000000028c1d      0x11f ./hagl/src/hagl.o
 .debug_macro   0x0000000000028d3c       0x1c ./hagl/src/hagl.o
 .debug_macro   0x0000000000028d58       0x22 ./hagl/src/hagl.o

.debug_line     0x0000000000000000    0x18dec
 .debug_line    0x0000000000000000      0x7b8 ./Core/Src/gpio.o
 .debug_line    0x00000000000007b8      0x87c ./Core/Src/lcd.o
 .debug_line    0x0000000000001034      0xae3 ./Core/Src/main.o
 .debug_line    0x0000000000001b17      0x823 ./Core/Src/seg7.o
 .debug_line    0x000000000000233a      0xe2e ./Core/Src/snk.o
 .debug_line    0x0000000000003168      0x80b ./Core/Src/spi.o
 .debug_line    0x0000000000003973      0x780 ./Core/Src/stm32l4xx_hal_msp.o
 .debug_line    0x00000000000040f3      0x876 ./Core/Src/stm32l4xx_it.o
 .debug_line    0x0000000000004969      0x818 ./Core/Src/system_stm32l4xx.o
 .debug_line    0x0000000000005181      0x7db ./Core/Src/tim.o
 .debug_line    0x000000000000595c      0x802 ./Core/Src/usart.o
 .debug_line    0x000000000000615e       0x7a ./Core/Startup/startup_stm32l476rgtx.o
 .debug_line    0x00000000000061d8      0xb70 ./Drivers/STM32L4xx_HAL_Driver/Src/stm32l4xx_hal.o
 .debug_line    0x0000000000006d48      0xd17 ./Drivers/STM32L4xx_HAL_Driver/Src/stm32l4xx_hal_cortex.o
 .debug_line    0x0000000000007a5f      0xbe4 ./Drivers/STM32L4xx_HAL_Driver/Src/stm32l4xx_hal_gpio.o
 .debug_line    0x0000000000008643      0xd68 ./Drivers/STM32L4xx_HAL_Driver/Src/stm32l4xx_hal_pwr_ex.o
 .debug_line    0x00000000000093ab      0xfe7 ./Drivers/STM32L4xx_HAL_Driver/Src/stm32l4xx_hal_rcc.o
 .debug_line    0x000000000000a392     0x1561 ./Drivers/STM32L4xx_HAL_Driver/Src/stm32l4xx_hal_rcc_ex.o
 .debug_line    0x000000000000b8f3     0x1fa2 ./Drivers/STM32L4xx_HAL_Driver/Src/stm32l4xx_hal_spi.o
 .debug_line    0x000000000000d895     0x3e3e ./Drivers/STM32L4xx_HAL_Driver/Src/stm32l4xx_hal_tim.o
 .debug_line    0x00000000000116d3     0x1c7f ./Drivers/STM32L4xx_HAL_Driver/Src/stm32l4xx_hal_tim_ex.o
 .debug_line    0x0000000000013352     0x32eb ./Drivers/STM32L4xx_HAL_Driver/Src/stm32l4xx_hal_uart.o
 .debug_line    0x000000000001663d      0x98c ./hagl/src/bitmap.o
 .debug_line    0x0000000000016fc9      0x69d ./hagl/src/fontx.o
 .debug_line    0x0000000000017666     0x1786 ./hagl/src/hagl.o

.debug_str      0x0000000000000000    0xf6cc0
 .debug_str     0x0000000000000000    0xec162 ./Core/Src/gpio.o
                                      0xec4bf (size before relaxing)
 .debug_str     0x00000000000ec162      0x6a5 ./Core/Src/lcd.o
                                      0xec50d (size before relaxing)
 .debug_str     0x00000000000ec807     0x47d5 ./Core/Src/main.o
                                      0xf08b6 (size before relaxing)
 .debug_str     0x00000000000f0fdc       0x8e ./Core/Src/seg7.o
                                      0xebeba (size before relaxing)
 .debug_str     0x00000000000f106a      0x21e ./Core/Src/snk.o
                                      0xef9a4 (size before relaxing)
 .debug_str     0x00000000000f1288       0x5b ./Core/Src/spi.o
                                      0xec3d8 (size before relaxing)
 .debug_str     0x00000000000f12e3       0x2c ./Core/Src/stm32l4xx_hal_msp.o
                                      0xebedc (size before relaxing)
 .debug_str     0x00000000000f130f      0x108 ./Core/Src/stm32l4xx_it.o
                                      0xec394 (size before relaxing)
 .debug_str     0x00000000000f1417       0xf2 ./Core/Src/system_stm32l4xx.o
                                      0xebc81 (size before relaxing)
 .debug_str     0x00000000000f1509       0xf8 ./Core/Src/tim.o
                                      0xeca1d (size before relaxing)
 .debug_str     0x00000000000f1601      0x457 ./Core/Src/usart.o
                                      0xec6ae (size before relaxing)
 .debug_str     0x00000000000f1a58       0x34 ./Core/Startup/startup_stm32l476rgtx.o
                                         0x59 (size before relaxing)
 .debug_str     0x00000000000f1a8c      0x62a ./Drivers/STM32L4xx_HAL_Driver/Src/stm32l4xx_hal.o
                                      0xec814 (size before relaxing)
 .debug_str     0x00000000000f20b6      0x31d ./Drivers/STM32L4xx_HAL_Driver/Src/stm32l4xx_hal_cortex.o
                                      0xec4c8 (size before relaxing)
 .debug_str     0x00000000000f23d3       0xea ./Drivers/STM32L4xx_HAL_Driver/Src/stm32l4xx_hal_gpio.o
                                      0xebdfa (size before relaxing)
 .debug_str     0x00000000000f24bd      0x4e3 ./Drivers/STM32L4xx_HAL_Driver/Src/stm32l4xx_hal_pwr_ex.o
                                      0xec1dc (size before relaxing)
 .debug_str     0x00000000000f29a0      0x3ac ./Drivers/STM32L4xx_HAL_Driver/Src/stm32l4xx_hal_rcc.o
                                      0xec2c7 (size before relaxing)
 .debug_str     0x00000000000f2d4c      0x3bf ./Drivers/STM32L4xx_HAL_Driver/Src/stm32l4xx_hal_rcc_ex.o
                                      0xec440 (size before relaxing)
 .debug_str     0x00000000000f310b      0x5ac ./Drivers/STM32L4xx_HAL_Driver/Src/stm32l4xx_hal_spi.o
                                      0xec4a2 (size before relaxing)
 .debug_str     0x00000000000f36b7      0xe52 ./Drivers/STM32L4xx_HAL_Driver/Src/stm32l4xx_hal_tim.o
                                      0xecfb1 (size before relaxing)
 .debug_str     0x00000000000f4509      0x588 ./Drivers/STM32L4xx_HAL_Driver/Src/stm32l4xx_hal_tim_ex.o
                                      0xec8d5 (size before relaxing)
 .debug_str     0x00000000000f4a91      0x8a4 ./Drivers/STM32L4xx_HAL_Driver/Src/stm32l4xx_hal_uart.o
                                      0xec9b1 (size before relaxing)
 .debug_str     0x00000000000f5335      0x916 ./hagl/src/bitmap.o
                                       0x7b8d (size before relaxing)
 .debug_str     0x00000000000f5c4b      0x15c ./hagl/src/fontx.o
                                       0x730e (size before relaxing)
 .debug_str     0x00000000000f5da7      0xf19 ./hagl/src/hagl.o
                                       0x8c8c (size before relaxing)

.debug_frame    0x0000000000000000     0x4e98
 .debug_frame   0x0000000000000000       0x34 ./Core/Src/gpio.o
 .debug_frame   0x0000000000000034      0x12c ./Core/Src/lcd.o
 .debug_frame   0x0000000000000160       0xb4 ./Core/Src/main.o
 .debug_frame   0x0000000000000214       0x9c ./Core/Src/seg7.o
 .debug_frame   0x00000000000002b0      0x170 ./Core/Src/snk.o
 .debug_frame   0x0000000000000420       0x74 ./Core/Src/spi.o
 .debug_frame   0x0000000000000494       0x38 ./Core/Src/stm32l4xx_hal_msp.o
 .debug_frame   0x00000000000004cc      0x13c ./Core/Src/stm32l4xx_it.o
 .debug_frame   0x0000000000000608       0x58 ./Core/Src/system_stm32l4xx.o
 .debug_frame   0x0000000000000660       0x7c ./Core/Src/tim.o
 .debug_frame   0x00000000000006dc       0x78 ./Core/Src/usart.o
 .debug_frame   0x0000000000000754      0x498 ./Drivers/STM32L4xx_HAL_Driver/Src/stm32l4xx_hal.o
 .debug_frame   0x0000000000000bec      0x498 ./Drivers/STM32L4xx_HAL_Driver/Src/stm32l4xx_hal_cortex.o
 .debug_frame   0x0000000000001084      0x14c ./Drivers/STM32L4xx_HAL_Driver/Src/stm32l4xx_hal_gpio.o
 .debug_frame   0x00000000000011d0      0x584 ./Drivers/STM32L4xx_HAL_Driver/Src/stm32l4xx_hal_pwr_ex.o
 .debug_frame   0x0000000000001754      0x21c ./Drivers/STM32L4xx_HAL_Driver/Src/stm32l4xx_hal_rcc.o
 .debug_frame   0x0000000000001970      0x2fc ./Drivers/STM32L4xx_HAL_Driver/Src/stm32l4xx_hal_rcc_ex.o
 .debug_frame   0x0000000000001c6c      0x860 ./Drivers/STM32L4xx_HAL_Driver/Src/stm32l4xx_hal_spi.o
 .debug_frame   0x00000000000024cc     0x121c ./Drivers/STM32L4xx_HAL_Driver/Src/stm32l4xx_hal_tim.o
 .debug_frame   0x00000000000036e8      0x6b0 ./Drivers/STM32L4xx_HAL_Driver/Src/stm32l4xx_hal_tim_ex.o
 .debug_frame   0x0000000000003d98      0x9f4 ./Drivers/STM32L4xx_HAL_Driver/Src/stm32l4xx_hal_uart.o
 .debug_frame   0x000000000000478c       0xb4 ./hagl/src/bitmap.o
 .debug_frame   0x0000000000004840       0x58 ./hagl/src/fontx.o
 .debug_frame   0x0000000000004898      0x52c ./hagl/src/hagl.o
 .debug_frame   0x0000000000004dc4       0x20 C:/ST/STM32CubeIDE_1.14.0/STM32CubeIDE/plugins/com.st.stm32cube.ide.mcu.externaltools.gnu-tools-for-stm32.11.3.rel1.win32_1.1.100.202309141235/tools/bin/../lib/gcc/arm-none-eabi/11.3.1/../../../../arm-none-eabi/lib/thumb/v7e-m+fp/hard\libc_nano.a(libc_a-memset.o)
 .debug_frame   0x0000000000004de4       0x2c C:/ST/STM32CubeIDE_1.14.0/STM32CubeIDE/plugins/com.st.stm32cube.ide.mcu.externaltools.gnu-tools-for-stm32.11.3.rel1.win32_1.1.100.202309141235/tools/bin/../lib/gcc/arm-none-eabi/11.3.1/../../../../arm-none-eabi/lib/thumb/v7e-m+fp/hard\libc_nano.a(libc_a-init.o)
 .debug_frame   0x0000000000004e10       0x28 C:/ST/STM32CubeIDE_1.14.0/STM32CubeIDE/plugins/com.st.stm32cube.ide.mcu.externaltools.gnu-tools-for-stm32.11.3.rel1.win32_1.1.100.202309141235/tools/bin/../lib/gcc/arm-none-eabi/11.3.1/../../../../arm-none-eabi/lib/thumb/v7e-m+fp/hard\libc_nano.a(libc_a-memcpy-stub.o)
 .debug_frame   0x0000000000004e38       0x2c C:/ST/STM32CubeIDE_1.14.0/STM32CubeIDE/plugins/com.st.stm32cube.ide.mcu.externaltools.gnu-tools-for-stm32.11.3.rel1.win32_1.1.100.202309141235/tools/bin/../lib/gcc/arm-none-eabi/11.3.1/thumb/v7e-m+fp/hard\libgcc.a(_aeabi_uldivmod.o)
 .debug_frame   0x0000000000004e64       0x34 C:/ST/STM32CubeIDE_1.14.0/STM32CubeIDE/plugins/com.st.stm32cube.ide.mcu.externaltools.gnu-tools-for-stm32.11.3.rel1.win32_1.1.100.202309141235/tools/bin/../lib/gcc/arm-none-eabi/11.3.1/thumb/v7e-m+fp/hard\libgcc.a(_udivmoddi4.o)

.debug_line_str
                0x0000000000000000       0x4d
 .debug_line_str
                0x0000000000000000       0x4d ./Core/Startup/startup_stm32l476rgtx.o
                                         0x65 (size before relaxing)
